Component: ARM Compiler 5.06 update 6 (build 750) Tool: armlink [4d35ed]

==============================================================================

Section Cross References

    i2c.o(i.I2C_Ping) refers to i2c.o(i.i2c_enable) for i2c_enable
    i2c.o(i.I2C_Ping) refers to i2c.o(i.i2c_tran) for i2c_tran
    i2c.o(i.I2C_Ping) refers to i2c.o(i.i2c_m_start) for i2c_m_start
    i2c.o(i.I2C_Ping) refers to i2c.o(i.i2c_send) for i2c_send
    i2c.o(i.I2C_Ping) refers to i2c.o(i.i2c_wait) for i2c_wait
    i2c.o(i.I2C_Ping) refers to i2c.o(i.i2c_m_stop) for i2c_m_stop
    i2c.o(i.I2C_Ping) refers to i2c.o(i.i2c_disable) for i2c_disable
    i2c.o(i.I2C_Ping) refers to i2c.o(.data) for error
    i2c.o(i.I2C_Read) refers to i2c.o(i.i2c_enable) for i2c_enable
    i2c.o(i.I2C_Read) refers to i2c.o(i.i2c_tran) for i2c_tran
    i2c.o(i.I2C_Read) refers to i2c.o(i.i2c_m_start) for i2c_m_start
    i2c.o(i.I2C_Read) refers to i2c.o(i.i2c_send) for i2c_send
    i2c.o(i.I2C_Read) refers to i2c.o(i.i2c_wait) for i2c_wait
    i2c.o(i.I2C_Read) refers to i2c.o(i.i2c_rec) for i2c_rec
    i2c.o(i.I2C_Read) refers to i2c.o(i.i2c_nack) for i2c_nack
    i2c.o(i.I2C_Read) refers to i2c.o(i.i2c_recv) for i2c_recv
    i2c.o(i.I2C_Read) refers to i2c.o(i.i2c_m_stop) for i2c_m_stop
    i2c.o(i.I2C_Read) refers to i2c.o(i.i2c_disable) for i2c_disable
    i2c.o(i.I2C_Read) refers to i2c.o(.data) for error
    i2c.o(i.I2C_ReadReg) refers to i2c.o(i.i2c_enable) for i2c_enable
    i2c.o(i.I2C_ReadReg) refers to i2c.o(i.i2c_clr_IICIF) for i2c_clr_IICIF
    i2c.o(i.I2C_ReadReg) refers to i2c.o(i.i2c_tran) for i2c_tran
    i2c.o(i.I2C_ReadReg) refers to i2c.o(i.i2c_m_start) for i2c_m_start
    i2c.o(i.I2C_ReadReg) refers to i2c.o(i.i2c_send) for i2c_send
    i2c.o(i.I2C_ReadReg) refers to i2c.o(i.i2c_wait) for i2c_wait
    i2c.o(i.I2C_ReadReg) refers to i2c.o(i.i2c_m_rstart) for i2c_m_rstart
    i2c.o(i.I2C_ReadReg) refers to i2c.o(i.i2c_rec) for i2c_rec
    i2c.o(i.I2C_ReadReg) refers to i2c.o(i.i2c_nack) for i2c_nack
    i2c.o(i.I2C_ReadReg) refers to i2c.o(i.i2c_recv) for i2c_recv
    i2c.o(i.I2C_ReadReg) refers to i2c.o(i.i2c_m_stop) for i2c_m_stop
    i2c.o(i.I2C_ReadReg) refers to i2c.o(i.i2c_disable) for i2c_disable
    i2c.o(i.I2C_ReadReg) refers to i2c.o(.data) for error
    i2c.o(i.I2C_ReadRegBlock) refers to i2c.o(i.i2c_enable) for i2c_enable
    i2c.o(i.I2C_ReadRegBlock) refers to i2c.o(i.i2c_clr_IICIF) for i2c_clr_IICIF
    i2c.o(i.I2C_ReadRegBlock) refers to i2c.o(i.i2c_tran) for i2c_tran
    i2c.o(i.I2C_ReadRegBlock) refers to i2c.o(i.i2c_m_start) for i2c_m_start
    i2c.o(i.I2C_ReadRegBlock) refers to i2c.o(i.i2c_send) for i2c_send
    i2c.o(i.I2C_ReadRegBlock) refers to i2c.o(i.i2c_wait) for i2c_wait
    i2c.o(i.I2C_ReadRegBlock) refers to i2c.o(i.i2c_m_rstart) for i2c_m_rstart
    i2c.o(i.I2C_ReadRegBlock) refers to i2c.o(i.i2c_rec) for i2c_rec
    i2c.o(i.I2C_ReadRegBlock) refers to i2c.o(i.i2c_ack) for i2c_ack
    i2c.o(i.I2C_ReadRegBlock) refers to i2c.o(i.i2c_recv) for i2c_recv
    i2c.o(i.I2C_ReadRegBlock) refers to i2c.o(i.i2c_nack) for i2c_nack
    i2c.o(i.I2C_ReadRegBlock) refers to i2c.o(i.i2c_m_stop) for i2c_m_stop
    i2c.o(i.I2C_ReadRegBlock) refers to i2c.o(i.i2c_disable) for i2c_disable
    i2c.o(i.I2C_ReadRegBlock) refers to i2c.o(.data) for error
    i2c.o(i.I2C_Write) refers to i2c.o(i.i2c_enable) for i2c_enable
    i2c.o(i.I2C_Write) refers to i2c.o(i.i2c_tran) for i2c_tran
    i2c.o(i.I2C_Write) refers to i2c.o(i.i2c_m_start) for i2c_m_start
    i2c.o(i.I2C_Write) refers to i2c.o(i.i2c_send) for i2c_send
    i2c.o(i.I2C_Write) refers to i2c.o(i.i2c_wait) for i2c_wait
    i2c.o(i.I2C_Write) refers to i2c.o(i.i2c_m_stop) for i2c_m_stop
    i2c.o(i.I2C_Write) refers to i2c.o(i.i2c_disable) for i2c_disable
    i2c.o(i.I2C_Write) refers to i2c.o(.data) for error
    i2c.o(i.I2C_WriteReg) refers to i2c.o(i.i2c_enable) for i2c_enable
    i2c.o(i.I2C_WriteReg) refers to i2c.o(i.i2c_tran) for i2c_tran
    i2c.o(i.I2C_WriteReg) refers to i2c.o(i.i2c_m_start) for i2c_m_start
    i2c.o(i.I2C_WriteReg) refers to i2c.o(i.i2c_send) for i2c_send
    i2c.o(i.I2C_WriteReg) refers to i2c.o(i.i2c_wait) for i2c_wait
    i2c.o(i.I2C_WriteReg) refers to i2c.o(i.i2c_m_stop) for i2c_m_stop
    i2c.o(i.I2C_WriteReg) refers to i2c.o(i.i2c_disable) for i2c_disable
    i2c.o(i.I2C_WriteReg) refers to i2c.o(.data) for error
    i2c.o(i.i2c_wait) refers to i2c.o(i.i2c_clr_IICIF) for i2c_clr_IICIF
    i2c.o(i.i2c_wait) refers to i2c.o(.data) for timeout
    lcd1602.o(i.LCD1602_BF_AC) refers to i2c.o(i.I2C_Write) for I2C_Write
    lcd1602.o(i.LCD1602_BF_AC) refers to i2c.o(i.I2C_Read) for I2C_Read
    lcd1602.o(i.LCD1602_BF_AC) refers to lcd1602.o(.data) for lcd_backlight
    lcd1602.o(i.LCD1602_Backlight) refers to lcd1602.o(i.PCF8574_Write) for PCF8574_Write
    lcd1602.o(i.LCD1602_Backlight) refers to lcd1602.o(.data) for lcd_backlight
    lcd1602.o(i.LCD1602_Blink_Off) refers to lcd1602.o(i.LCD1602_Write8) for LCD1602_Write8
[...]
    libshutdown.o(.ARM.Collect$$libshutdown$$00000000) refers (Special) to libshutdown2.o(.ARM.Collect$$libshutdown$$00000007) for __rt_lib_shutdown_fp_trap_1
    libshutdown.o(.ARM.Collect$$libshutdown$$00000000) refers (Special) to libshutdown2.o(.ARM.Collect$$libshutdown$$0000000F) for __rt_lib_shutdown_heap_1
    libshutdown.o(.ARM.Collect$$libshutdown$$00000000) refers (Special) to libshutdown2.o(.ARM.Collect$$libshutdown$$00000010) for __rt_lib_shutdown_return
    libshutdown.o(.ARM.Collect$$libshutdown$$00000000) refers (Special) to libshutdown2.o(.ARM.Collect$$libshutdown$$0000000A) for __rt_lib_shutdown_signal_1
    libshutdown.o(.ARM.Collect$$libshutdown$$00000000) refers (Special) to libshutdown2.o(.ARM.Collect$$libshutdown$$00000004) for __rt_lib_shutdown_stdio_1
    libshutdown.o(.ARM.Collect$$libshutdown$$00000000) refers (Special) to libshutdown2.o(.ARM.Collect$$libshutdown$$0000000C) for __rt_lib_shutdown_user_alloc_1
    sys_command.o(.text) refers (Special) to use_no_semi.o(.text) for __I$use$semihosting
    sys_command.o(.text) refers (Special) to indicate_semi.o(.text) for __semihosting_library_function
    defsig_abrt_inner.o(.text) refers to defsig_general.o(.text) for __default_signal_display
    defsig_rtred_inner.o(.text) refers to defsig_general.o(.text) for __default_signal_display
    defsig_rtmem_inner.o(.text) refers to defsig_general.o(.text) for __default_signal_display
    defsig_rtmem_outer.o(.text) refers to defsig_rtmem_inner.o(.text) for __rt_SIGRTMEM_inner
    defsig_rtmem_outer.o(.text) refers to defsig_exit.o(.text) for __sig_exit
    defsig_rtmem_formal.o(.text) refers to rt_raise.o(.text) for __rt_raise
    defsig_stak_inner.o(.text) refers to defsig_general.o(.text) for __default_signal_display
    defsig_pvfn_inner.o(.text) refers to defsig_general.o(.text) for __default_signal_display
    defsig_cppl_inner.o(.text) refers to defsig_general.o(.text) for __default_signal_display
    defsig_segv_inner.o(.text) refers to defsig_general.o(.text) for __default_signal_display
    defsig_other.o(.text) refers to defsig_general.o(.text) for __default_signal_display


==============================================================================

Removing Unused input sections from the image.

    Removing i2c.o(.rev16_text), (4 bytes).
    Removing i2c.o(.revsh_text), (4 bytes).
    Removing i2c.o(i.I2C_Ping), (52 bytes).
    Removing i2c.o(i.I2C_Read), (88 bytes).
    Removing i2c.o(i.I2C_ReadReg), (120 bytes).
    Removing i2c.o(i.I2C_ReadRegBlock), (164 bytes).
    Removing i2c.o(i.I2C_WriteReg), (76 bytes).
    Removing i2c.o(i.i2c_ack), (20 bytes).
    Removing i2c.o(i.i2c_m_rstart), (32 bytes).
    Removing i2c.o(i.i2c_nack), (20 bytes).
    Removing i2c.o(i.i2c_rec), (20 bytes).
    Removing i2c.o(i.i2c_recv), (12 bytes).
    Removing lcd1602.o(.rev16_text), (4 bytes).
    Removing lcd1602.o(.revsh_text), (4 bytes).
    Removing lcd1602.o(i.LCD1602_BF_AC), (160 bytes).
    Removing lcd1602.o(i.LCD1602_Blink_Off), (12 bytes).
    Removing lcd1602.o(i.LCD1602_Blink_Off_Cursor_On), (12 bytes).
    Removing lcd1602.o(i.LCD1602_Blink_On), (12 bytes).
    Removing lcd1602.o(i.LCD1602_ClearAll), (12 bytes).
    Removing lcd1602.o(i.LCD1602_PL_CH), (324 bytes).
    Removing lcd1602.o(i.LCD1602_PrintNum), (40 bytes).
    Removing lcd1602.o(i.LCD1602_PrintPL), (142 bytes).
    Removing lcd1602.o(i.itoa), (108 bytes).
    Removing main.o(.rev16_text), (4 bytes).
    Removing main.o(.revsh_text), (4 bytes).
    Removing uart0.o(.rev16_text), (4 bytes).
    Removing uart0.o(.revsh_text), (4 bytes).
    Removing uart_abs.o(.rev16_text), (4 bytes).
    Removing uart_abs.o(.revsh_text), (4 bytes).
    Removing system_mkl05z4.o(.rev16_text), (4 bytes).
    Removing system_mkl05z4.o(.revsh_text), (4 bytes).
    Removing system_mkl05z4.o(i.SystemCoreClockUpdate), (280 bytes).
    Removing system_mkl05z4.o(.data), (4 bytes).
    Removing system_mkl05z4.o(i.__ARM_common_switch8), (28 bytes).

34 unused section(s) (total 1786 bytes) removed from the image.

==============================================================================

Image Symbol Table

    Local Symbols

    Symbol Name                              Value     Ov Type        Size  Object(Section)

    RESET                                    0x00000000   Section      192  startup_mkl05z4.o(RESET)
    ../clib/angel/boardlib.s                 0x00000000   Number         0  boardinit2.o ABSOLUTE
    ../clib/angel/boardlib.s                 0x00000000   Number         0  boardinit3.o ABSOLUTE
    ../clib/angel/boardlib.s                 0x00000000   Number         0  boardinit1.o ABSOLUTE
    ../clib/angel/boardlib.s                 0x00000000   Number         0  boardshut.o ABSOLUTE
    ../clib/angel/handlers.s                 0x00000000   Number         0  __scatter_zi.o ABSOLUTE
    ../clib/angel/handlers.s                 0x00000000   Number         0  __scatter_copy.o ABSOLUTE
    ../clib/angel/kernel.s                   0x00000000   Number         0  __rtentry2.o ABSOLUTE
    ../clib/angel/kernel.s                   0x00000000   Number         0  __rtentry.o ABSOLUTE
    ../clib/angel/kernel.s                   0x00000000   Number         0  __rtentry4.o ABSOLUTE
    ../clib/angel/kernel.s                   0x00000000   Number         0  rtexit.o ABSOLUTE
    ../clib/angel/kernel.s                   0x00000000   Number         0  rtexit2.o ABSOLUTE
    ../clib/angel/rt.s                       0x00000000   Number         0  rt_locale.o ABSOLUTE
    ../clib/angel/rt.s                       0x00000000   Number         0  rt_locale_intlibspace.o ABSOLUTE
    ../clib/angel/rt.s                       0x00000000   Number         0  aeabi_idiv0.o ABSOLUTE
    ../clib/angel/rt.s                       0x00000000   Number         0  aeabi_idiv0_sigfpe.o ABSOLUTE
    ../clib/angel/rt.s                       0x00000000   Number         0  rt_div0.o ABSOLUTE
    ../clib/angel/rt.s                       0x00000000   Number         0  rt_raise.o ABSOLUTE
    ../clib/angel/rt.s                       0x00000000   Number         0  rt_ctype_table.o ABSOLUTE
    ../clib/angel/scatterp.s                 0x00000000   Number         0  __scatter.o ABSOLUTE
    ../clib/angel/startup.s                  0x00000000   Number         0  __main.o ABSOLUTE
    ../clib/angel/sys.s                      0x00000000   Number         0  indicate_semi.o ABSOLUTE
    ../clib/angel/sys.s                      0x00000000   Number         0  use_no_semi.o ABSOLUTE
    ../clib/angel/sys.s                      0x00000000   Number         0  libspace.o ABSOLUTE
    ../clib/angel/sys.s                      0x00000000   Number         0  tempstk.o ABSOLUTE
    ../clib/angel/sys.s                      0x00000000   Number         0  sys_stackheap_outer.o ABSOLUTE
    ../clib/angel/sysapp.c                   0x00000000   Number         0  sys_command.o ABSOLUTE
    ../clib/angel/sysapp.c                   0x00000000   Number         0  sys_wrch.o ABSOLUTE
    ../clib/angel/sysapp.c                   0x00000000   Number         0  sys_exit.o ABSOLUTE
    ../clib/armsys.c                         0x00000000   Number         0  no_argv.o ABSOLUTE
    ../clib/armsys.c                         0x00000000   Number         0  _get_argv_nomalloc.o ABSOLUTE
    ../clib/armsys.c                         0x00000000   Number         0  argv_veneer.o ABSOLUTE
    ../clib/bigflt.c                         0x00000000   Number         0  bigflt0.o ABSOLUTE
    ../clib/btod.c                           0x00000000   Number         0  btod.o ABSOLUTE
    ../clib/division.c                       0x00000000   Number         0  lludiv10.o ABSOLUTE
    ../clib/division.c                       0x00000000   Number         0  rtudiv10.o ABSOLUTE
    ../clib/division.s                       0x00000000   Number         0  aeabi_sdiv.o ABSOLUTE
    ../clib/division.s                       0x00000000   Number         0  aeabi_sdiv_div0.o ABSOLUTE
    ../clib/heapalloc.c                      0x00000000   Number         0  hrguard.o ABSOLUTE
    ../clib/heapaux.c                        0x00000000   Number         0  heapauxi.o ABSOLUTE
    ../clib/libinit.s                        0x00000000   Number         0  libshutdown.o ABSOLUTE
    ../clib/libinit.s                        0x00000000   Number         0  libinit.o ABSOLUTE
    ../clib/libinit.s                        0x00000000   Number         0  libshutdown2.o ABSOLUTE
    ../clib/libinit.s                        0x00000000   Number         0  libinit2.o ABSOLUTE
    ../clib/locale.c                         0x00000000   Number         0  _wcrtomb.o ABSOLUTE
    ../clib/locale.s                         0x00000000   Number         0  lc_ctype_c.o ABSOLUTE
    ../clib/locale.s                         0x00000000   Number         0  lc_numeric_c.o ABSOLUTE
    ../clib/memcpset.c                       0x00000000   Number         0  rt_memcpy.o ABSOLUTE
    ../clib/memcpset.c                       0x00000000   Number         0  rt_memcpy.o ABSOLUTE
    ../clib/misc.s                           0x00000000   Number         0  printf_stubs.o ABSOLUTE
    ../clib/printf.c                         0x00000000   Number         0  _printf_truncate.o ABSOLUTE
    ../clib/printf.c                         0x00000000   Number         0  _printf_dec.o ABSOLUTE
    ../clib/printf.c                         0x00000000   Number         0  sprintf.o ABSOLUTE
    ../clib/printf.c                         0x00000000   Number         0  __printf.o ABSOLUTE
    ../clib/printf.c                         0x00000000   Number         0  _printf_fp_dec.o ABSOLUTE
    ../clib/printf.c                         0x00000000   Number         0  _printf_pad.o ABSOLUTE
    ../clib/printf.c                         0x00000000   Number         0  _printf_hex_int_ll.o ABSOLUTE
    ../clib/printf.c                         0x00000000   Number         0  _printf_hex_int.o ABSOLUTE
    ../clib/printf.c                         0x00000000   Number         0  _printf_str.o ABSOLUTE
    ../clib/printf.c                         0x00000000   Number         0  _printf_hex_ll.o ABSOLUTE
    ../clib/printf.c                         0x00000000   Number         0  _printf_hex_ptr.o ABSOLUTE
    ../clib/printf.c                         0x00000000   Number         0  _printf_hex_int_ptr.o ABSOLUTE
    ../clib/printf.c                         0x00000000   Number         0  _printf_hex_ll_ptr.o ABSOLUTE
    ../clib/printf.c                         0x00000000   Number         0  _printf_hex_int_ll_ptr.o ABSOLUTE
    ../clib/printf.c                         0x00000000   Number         0  _printf_oct_int.o ABSOLUTE
    ../clib/printf.c                         0x00000000   Number         0  _printf_oct_ll.o ABSOLUTE
    ../clib/printf.c                         0x00000000   Number         0  __printf_flags.o ABSOLUTE
    ../clib/printf.c                         0x00000000   Number         0  __printf_ss.o ABSOLUTE
    ../clib/printf.c                         0x00000000   Number         0  __printf_flags_ss.o ABSOLUTE
    ../clib/printf.c                         0x00000000   Number         0  __printf_wp.o ABSOLUTE
    ../clib/printf.c                         0x00000000   Number         0  _printf_longlong_dec.o ABSOLUTE
    ../clib/printf.c                         0x00000000   Number         0  __printf_flags_wp.o ABSOLUTE
    ../clib/printf.c                         0x00000000   Number         0  __printf_ss_wp.o ABSOLUTE
    ../clib/printf.c                         0x00000000   Number         0  __printf_flags_ss_wp.o ABSOLUTE
    ../clib/printf.c                         0x00000000   Number         0  _printf_oct_int_ll.o ABSOLUTE
    ../clib/printf.c                         0x00000000   Number         0  _printf_wctomb.o ABSOLUTE
    ../clib/printf.c                         0x00000000   Number         0  _sputc.o ABSOLUTE
    ../clib/printf.c                         0x00000000   Number         0  _printf_char_common.o ABSOLUTE
    ../clib/printf.c                         0x00000000   Number         0  _printf_wchar.o ABSOLUTE
    ../clib/printf.c                         0x00000000   Number         0  _printf_fp_infnan.o ABSOLUTE
    ../clib/printf.c                         0x00000000   Number         0  _printf_char.o ABSOLUTE
    ../clib/printf.c                         0x00000000   Number         0  __printf_nopercent.o ABSOLUTE
    ../clib/printf.c                         0x00000000   Number         0  _printf_fp_hex.o ABSOLUTE
    ../clib/printf.c                         0x00000000   Number         0  _printf_intcommon.o ABSOLUTE
    ../clib/printf.c                         0x00000000   Number         0  _printf_charcount.o ABSOLUTE
    ../clib/printf_percent.s                 0x00000000   Number         0  _printf_percent.o ABSOLUTE
    ../clib/printf_percent.s                 0x00000000   Number         0  _printf_lli.o ABSOLUTE
    ../clib/printf_percent.s                 0x00000000   Number         0  _printf_c.o ABSOLUTE
    ../clib/printf_percent.s                 0x00000000   Number         0  _printf_s.o ABSOLUTE
    ../clib/printf_percent.s                 0x00000000   Number         0  _printf_lld.o ABSOLUTE
    ../clib/printf_percent.s                 0x00000000   Number         0  _printf_n.o ABSOLUTE
    ../clib/printf_percent.s                 0x00000000   Number         0  _printf_llu.o ABSOLUTE
    ../clib/printf_percent.s                 0x00000000   Number         0  _printf_x.o ABSOLUTE
    ../clib/printf_percent.s                 0x00000000   Number         0  _printf_ll.o ABSOLUTE
    ../clib/printf_percent.s                 0x00000000   Number         0  _printf_l.o ABSOLUTE
    ../clib/printf_percent.s                 0x00000000   Number         0  _printf_lc.o ABSOLUTE
    ../clib/printf_percent.s                 0x00000000   Number         0  _printf_o.o ABSOLUTE
    ../clib/printf_percent.s                 0x00000000   Number         0  _printf_i.o ABSOLUTE
    ../clib/printf_percent.s                 0x00000000   Number         0  _printf_llo.o ABSOLUTE
    ../clib/printf_percent.s                 0x00000000   Number         0  _printf_d.o ABSOLUTE
    ../clib/printf_percent.s                 0x00000000   Number         0  _printf_llx.o ABSOLUTE
    ../clib/printf_percent.s                 0x00000000   Number         0  _printf_u.o ABSOLUTE
    ../clib/printf_percent.s                 0x00000000   Number         0  _printf_p.o ABSOLUTE
    ../clib/printf_percent.s                 0x00000000   Number         0  _printf_f.o ABSOLUTE
    ../clib/printf_percent.s                 0x00000000   Number         0  _printf_ls.o ABSOLUTE
    ../clib/printf_percent.s                 0x00000000   Number         0  _printf_e.o ABSOLUTE
    ../clib/printf_percent.s                 0x00000000   Number         0  _printf_a.o ABSOLUTE
    ../clib/printf_percent.s                 0x00000000   Number         0  _printf_g.o ABSOLUTE
    ../clib/printf_percent.s                 0x00000000   Number         0  _printf_percent_end.o ABSOLUTE
    ../clib/signal.c                         0x00000000   Number         0  defsig_rtred_inner.o ABSOLUTE
    ../clib/signal.c                         0x00000000   Number         0  defsig_rtmem_inner.o ABSOLUTE
    ../clib/signal.c                         0x00000000   Number         0  defsig_segv_inner.o ABSOLUTE
    ../clib/signal.c                         0x00000000   Number         0  defsig_fpe_inner.o ABSOLUTE
    ../clib/signal.c                         0x00000000   Number         0  defsig_other.o ABSOLUTE
    ../clib/signal.c                         0x00000000   Number         0  defsig_exit.o ABSOLUTE
    ../clib/signal.c                         0x00000000   Number         0  defsig_rtmem_outer.o ABSOLUTE
    ../clib/signal.c                         0x00000000   Number         0  defsig_fpe_formal.o ABSOLUTE
    ../clib/signal.c                         0x00000000   Number         0  defsig_fpe_outer.o ABSOLUTE
    ../clib/signal.c                         0x00000000   Number         0  defsig_rtmem_formal.o ABSOLUTE
    ../clib/signal.c                         0x00000000   Number         0  defsig_general.o ABSOLUTE
    ../clib/signal.c                         0x00000000   Number         0  __raise.o ABSOLUTE
    ../clib/signal.c                         0x00000000   Number         0  defsig_abrt_inner.o ABSOLUTE
    ../clib/signal.c                         0x00000000   Number         0  defsig_stak_inner.o ABSOLUTE
    ../clib/signal.c                         0x00000000   Number         0  defsig_pvfn_inner.o ABSOLUTE
    ../clib/signal.c                         0x00000000   Number         0  defsig_cppl_inner.o ABSOLUTE
    ../clib/signal.s                         0x00000000   Number         0  defsig.o ABSOLUTE
    ../clib/stdlib.c                         0x00000000   Number         0  exit.o ABSOLUTE
    ../clib/string.c                         0x00000000   Number         0  strcmp.o ABSOLUTE
    ../fplib/cfplib/fpinit.c                 0x00000000   Number         0  fpinit.o ABSOLUTE
    ../fplib/cfplib/ieee_status.c            0x00000000   Number         0  ieee_status.o ABSOLUTE
    ../fplib/printf1.s                       0x00000000   Number         0  printf1.o ABSOLUTE
    ../fplib/printf2.s                       0x00000000   Number         0  printf2.o ABSOLUTE
    ../fplib/printf2a.s                      0x00000000   Number         0  printf2a.o ABSOLUTE
    ../fplib/printf2b.s                      0x00000000   Number         0  printf2b.o ABSOLUTE
    ../fplib/usenofp.s                       0x00000000   Number         0  usenofp.o ABSOLUTE
    ../mathlib/fpclassify.c                  0x00000000   Number         0  fpclassify.o ABSOLUTE
    RTE\Device\MKL05Z32xxx4\startup_MKL05Z4.s 0x00000000   Number         0  startup_mkl05z4.o ABSOLUTE
    RTE\Device\MKL05Z32xxx4\system_MKL05Z4.c 0x00000000   Number         0  system_mkl05z4.o ABSOLUTE
    RTE\\Device\\MKL05Z32xxx4\\system_MKL05Z4.c 0x00000000   Number         0  system_mkl05z4.o ABSOLUTE
    UART_abs.c                               0x00000000   Number         0  uart_abs.o ABSOLUTE
    UART_abs.c                               0x00000000   Number         0  uart_abs.o ABSOLUTE
    dc.s                                     0x00000000   Number         0  dc.o ABSOLUTE
    i2c.c                                    0x00000000   Number         0  i2c.o ABSOLUTE
    i2c.c                                    0x00000000   Number         0  i2c.o ABSOLUTE
    lcd1602.c                                0x00000000   Number         0  lcd1602.o ABSOLUTE
    lcd1602.c                                0x00000000   Number         0  lcd1602.o ABSOLUTE
    main.c                                   0x00000000   Number         0  main.o ABSOLUTE
    main.c                                   0x00000000   Number         0  main.o ABSOLUTE
    uart0.c                                  0x00000000   Number         0  uart0.o ABSOLUTE
    uart0.c                                  0x00000000   Number         0  uart0.o ABSOLUTE
    !!!main                                  0x000000c0   Section        8  __main.o(!!!main)
    !!!scatter                               0x000000c8   Section       60  __scatter.o(!!!scatter)
    !!handler_copy                           0x00000104   Section       26  __scatter_copy.o(!!handler_copy)
    !!handler_zi                             0x00000120   Section       28  __scatter_zi.o(!!handler_zi)
    .ARM.Collect$$_printf_percent$$00000000  0x0000013c   Section        2  _printf_percent.o(.ARM.Collect$$_printf_percent$$00000000)
    .ARM.Collect$$_printf_percent$$00000001  0x0000013e   Section       10  _printf_n.o(.ARM.Collect$$_printf_percent$$00000001)
    .ARM.Collect$$_printf_percent$$00000002  0x00000148   Section       10  _printf_p.o(.ARM.Collect$$_printf_percent$$00000002)
    .ARM.Collect$$_printf_percent$$00000003  0x00000152   Section       10  _printf_f.o(.ARM.Collect$$_printf_percent$$00000003)
    .ARM.Collect$$_printf_percent$$00000004  0x0000015c   Section       10  _printf_e.o(.ARM.Collect$$_printf_percent$$00000004)
    .ARM.Collect$$_printf_percent$$00000005  0x00000166   Section       10  _printf_g.o(.ARM.Collect$$_printf_percent$$00000005)
    .ARM.Collect$$_printf_percent$$00000006  0x00000170   Section       10  _printf_a.o(.ARM.Collect$$_printf_percent$$00000006)
    .ARM.Collect$$_printf_percent$$00000007  0x0000017a   Section       10  _printf_ll.o(.ARM.Collect$$_printf_percent$$00000007)
    .ARM.Collect$$_printf_percent$$00000008  0x00000184   Section       10  _printf_i.o(.ARM.Collect$$_printf_percent$$00000008)
    .ARM.Collect$$_printf_percent$$00000009  0x0000018e   Section       10  _printf_d.o(.ARM.Collect$$_printf_percent$$00000009)
    .ARM.Collect$$_printf_percent$$0000000A  0x00000198   Section       10  _printf_u.o(.ARM.Collect$$_printf_percent$$0000000A)
    .ARM.Collect$$_printf_percent$$0000000B  0x000001a2   Section       10  _printf_o.o(.ARM.Collect$$_printf_percent$$0000000B)
    .ARM.Collect$$_printf_percent$$0000000C  0x000001ac   Section       10  _printf_x.o(.ARM.Collect$$_printf_percent$$0000000C)
    .ARM.Collect$$_printf_percent$$0000000D  0x000001b6   Section       10  _printf_lli.o(.ARM.Collect$$_printf_percent$$0000000D)
    .ARM.Collect$$_printf_percent$$0000000E  0x000001c0   Section       10  _printf_lld.o(.ARM.Collect$$_printf_percent$$0000000E)
    .ARM.Collect$$_printf_percent$$0000000F  0x000001ca   Section       10  _printf_llu.o(.ARM.Collect$$_printf_percent$$0000000F)
    .ARM.Collect$$_printf_percent$$00000010  0x000001d4   Section       10  _printf_llo.o(.ARM.Collect$$_printf_percent$$00000010)
    .ARM.Collect$$_printf_percent$$00000011  0x000001de   Section       10  _printf_llx.o(.ARM.Collect$$_printf_percent$$00000011)
    .ARM.Collect$$_printf_percent$$00000012  0x000001e8   Section       10  _printf_l.o(.ARM.Collect$$_printf_percent$$00000012)
    .ARM.Collect$$_printf_percent$$00000013  0x000001f2   Section       10  _printf_c.o(.ARM.Collect$$_printf_percent$$00000013)
    .ARM.Collect$$_printf_percent$$00000014  0x000001fc   Section       10  _printf_s.o(.ARM.Collect$$_printf_percent$$00000014)
    .ARM.Collect$$_printf_percent$$00000015  0x00000206   Section       10  _printf_lc.o(.ARM.Collect$$_printf_percent$$00000015)
    .ARM.Collect$$_printf_percent$$00000016  0x00000210   Section       10  _printf_ls.o(.ARM.Collect$$_printf_percent$$00000016)
    .ARM.Collect$$_printf_percent$$00000017  0x0000021a   Section        4  _printf_percent_end.o(.ARM.Collect$$_printf_percent$$00000017)
    .ARM.Collect$$libinit$$00000000          0x0000021e   Section        2  libinit.o(.ARM.Collect$$libinit$$00000000)
    .ARM.Collect$$libinit$$00000002          0x00000220   Section        0  libinit2.o(.ARM.Collect$$libinit$$00000002)
    .ARM.Collect$$libinit$$00000004          0x00000220   Section        0  libinit2.o(.ARM.Collect$$libinit$$00000004)
    .ARM.Collect$$libinit$$0000000A          0x00000220   Section        0  libinit2.o(.ARM.Collect$$libinit$$0000000A)
    .ARM.Collect$$libinit$$0000000C          0x00000220   Section        0  libinit2.o(.ARM.Collect$$libinit$$0000000C)
    .ARM.Collect$$libinit$$0000000E          0x00000220   Section        0  libinit2.o(.ARM.Collect$$libinit$$0000000E)
    .ARM.Collect$$libinit$$0000000F          0x00000220   Section        6  libinit2.o(.ARM.Collect$$libinit$$0000000F)
    .ARM.Collect$$libinit$$00000011          0x00000226   Section        0  libinit2.o(.ARM.Collect$$libinit$$00000011)
    .ARM.Collect$$libinit$$00000012          0x00000226   Section       12  libinit2.o(.ARM.Collect$$libinit$$00000012)
    .ARM.Collect$$libinit$$00000013          0x00000232   Section        0  libinit2.o(.ARM.Collect$$libinit$$00000013)
    .ARM.Collect$$libinit$$00000015          0x00000232   Section        0  libinit2.o(.ARM.Collect$$libinit$$00000015)
    .ARM.Collect$$libinit$$00000016          0x00000232   Section       10  libinit2.o(.ARM.Collect$$libinit$$00000016)
    .ARM.Collect$$libinit$$00000017          0x0000023c   Section        0  libinit2.o(.ARM.Collect$$libinit$$00000017)
    .ARM.Collect$$libinit$$00000019          0x0000023c   Section        0  libinit2.o(.ARM.Collect$$libinit$$00000019)
    .ARM.Collect$$libinit$$0000001B          0x0000023c   Section        0  libinit2.o(.ARM.Collect$$libinit$$0000001B)
    .ARM.Collect$$libinit$$0000001D          0x0000023c   Section        0  libinit2.o(.ARM.Collect$$libinit$$0000001D)
    .ARM.Collect$$libinit$$0000001F          0x0000023c   Section        0  libinit2.o(.ARM.Collect$$libinit$$0000001F)
    .ARM.Collect$$libinit$$00000021          0x0000023c   Section        0  libinit2.o(.ARM.Collect$$libinit$$00000021)
    .ARM.Collect$$libinit$$00000023          0x0000023c   Section        0  libinit2.o(.ARM.Collect$$libinit$$00000023)
    .ARM.Collect$$libinit$$00000025          0x0000023c   Section        0  libinit2.o(.ARM.Collect$$libinit$$00000025)
    .ARM.Collect$$libinit$$0000002C          0x0000023c   Section        0  libinit2.o(.ARM.Collect$$libinit$$0000002C)
    .ARM.Collect$$libinit$$0000002E          0x0000023c   Section        0  libinit2.o(.ARM.Collect$$libinit$$0000002E)
    .ARM.Collect$$libinit$$00000030          0x0000023c   Section        0  libinit2.o(.ARM.Collect$$libinit$$00000030)
    .ARM.Collect$$libinit$$00000032          0x0000023c   Section        0  libinit2.o(.ARM.Collect$$libinit$$00000032)
    .ARM.Collect$$libinit$$00000033          0x0000023c   Section        2  libinit2.o(.ARM.Collect$$libinit$$00000033)
    .ARM.Collect$$libshutdown$$00000000      0x0000023e   Section        2  libshutdown.o(.ARM.Collect$$libshutdown$$00000000)
    .ARM.Collect$$libshutdown$$00000002      0x00000240   Section        0  libshutdown2.o(.ARM.Collect$$libshutdown$$00000002)
    .ARM.Collect$$libshutdown$$00000004      0x00000240   Section        0  libshutdown2.o(.ARM.Collect$$libshutdown$$00000004)
    .ARM.Collect$$libshutdown$$00000007      0x00000240   Section        0  libshutdown2.o(.ARM.Collect$$libshutdown$$00000007)
    .ARM.Collect$$libshutdown$$0000000A      0x00000240   Section        0  libshutdown2.o(.ARM.Collect$$libshutdown$$0000000A)
    .ARM.Collect$$libshutdown$$0000000C      0x00000240   Section        0  libshutdown2.o(.ARM.Collect$$libshutdown$$0000000C)
    .ARM.Collect$$libshutdown$$0000000F      0x00000240   Section        0  libshutdown2.o(.ARM.Collect$$libshutdown$$0000000F)
    .ARM.Collect$$libshutdown$$00000010      0x00000240   Section        2  libshutdown2.o(.ARM.Collect$$libshutdown$$00000010)
    .ARM.Collect$$rtentry$$00000000          0x00000242   Section        0  __rtentry.o(.ARM.Collect$$rtentry$$00000000)
    .ARM.Collect$$rtentry$$00000002          0x00000242   Section        0  __rtentry2.o(.ARM.Collect$$rtentry$$00000002)
    .ARM.Collect$$rtentry$$00000004          0x00000242   Section        6  __rtentry4.o(.ARM.Collect$$rtentry$$00000004)
    .ARM.Collect$$rtentry$$00000009          0x00000248   Section        0  __rtentry2.o(.ARM.Collect$$rtentry$$00000009)
    .ARM.Collect$$rtentry$$0000000A          0x00000248   Section        4  __rtentry2.o(.ARM.Collect$$rtentry$$0000000A)
    .ARM.Collect$$rtentry$$0000000C          0x0000024c   Section        0  __rtentry2.o(.ARM.Collect$$rtentry$$0000000C)
    .ARM.Collect$$rtentry$$0000000D          0x0000024c   Section        8  __rtentry2.o(.ARM.Collect$$rtentry$$0000000D)
    .ARM.Collect$$rtexit$$00000000           0x00000254   Section        2  rtexit.o(.ARM.Collect$$rtexit$$00000000)
    .ARM.Collect$$rtexit$$00000002           0x00000256   Section        0  rtexit2.o(.ARM.Collect$$rtexit$$00000002)
    .ARM.Collect$$rtexit$$00000003           0x00000256   Section        4  rtexit2.o(.ARM.Collect$$rtexit$$00000003)
    .ARM.Collect$$rtexit$$00000004           0x0000025a   Section        6  rtexit2.o(.ARM.Collect$$rtexit$$00000004)
    .emb_text                                0x00000260   Section       56  rt_memcpy.o(.emb_text)
    .text                                    0x00000298   Section       52  startup_mkl05z4.o(.text)
    .text                                    0x000002cc   Section        0  sprintf.o(.text)
    .text                                    0x000002f8   Section        0  heapauxi.o(.text)
    .text                                    0x000002fe   Section        0  _printf_pad.o(.text)
    .text                                    0x0000034c   Section        0  _printf_truncate.o(.text)
    .text                                    0x00000370   Section        0  _printf_str.o(.text)
    .text                                    0x000003c2   Section        0  _printf_charcount.o(.text)
    .text                                    0x000003e8   Section        0  _sputc.o(.text)
    .text                                    0x000003f4   Section        8  rt_locale_intlibspace.o(.text)
    .text                                    0x000003fc   Section        2  use_no_semi.o(.text)
    .text                                    0x000003fe   Section        0  indicate_semi.o(.text)
    x$fpl$usenofp                            0x000003fe   Section        0  usenofp.o(x$fpl$usenofp)
    .ARM.__at_0x400                          0x00000400   Section       16  startup_mkl05z4.o(.ARM.__at_0x400)
    .text                                    0x00000410   Section      346  aeabi_sdiv.o(.text)
    .text                                    0x0000056c   Section        0  _printf_dec.o(.text)
    .text                                    0x000005d8   Section        0  _printf_char_common.o(.text)
    _printf_input_char                       0x000005d9   Thumb Code    10  _printf_char_common.o(.text)
    .text                                    0x00000608   Section        0  _printf_wctomb.o(.text)
    .text                                    0x000006c4   Section        0  _printf_longlong_dec.o(.text)
    .text                                    0x00000734   Section        0  _printf_oct_int_ll.o(.text)
    _printf_longlong_oct_internal            0x00000735   Thumb Code     0  _printf_oct_int_ll.o(.text)
    .text                                    0x000007a4   Section        0  _printf_hex_int_ll_ptr.o(.text)
    _printf_hex_common                       0x000007a5   Thumb Code     0  _printf_hex_int_ll_ptr.o(.text)
    .text                                    0x0000083c   Section        0  __printf_flags_ss_wp.o(.text)
    .text                                    0x000009c4   Section        0  lludiv10.o(.text)
    .text                                    0x00000a3e   Section        0  _printf_intcommon.o(.text)
    .text                                    0x00000af0   Section        0  _printf_fp_dec.o(.text)
    _fp_digits                               0x00000af3   Thumb Code   412  _printf_fp_dec.o(.text)
    .text                                    0x00000f08   Section        0  _printf_fp_hex.o(.text)
    .text                                    0x000011e0   Section        0  _printf_char.o(.text)
    .text                                    0x0000120e   Section        0  _printf_wchar.o(.text)
    .text                                    0x0000123c   Section        0  _wcrtomb.o(.text)
    .text                                    0x0000127c   Section        0  rtudiv10.o(.text)
    .text                                    0x000012a4   Section       62  sys_stackheap_outer.o(.text)
    .text                                    0x000012e4   Section       16  rt_ctype_table.o(.text)
    .text                                    0x000012f4   Section        0  _printf_fp_infnan.o(.text)
    .text                                    0x0000137c   Section        0  bigflt0.o(.text)
    .text                                    0x00001454   Section        0  btod.o(.text)
    btod_internal_mul                        0x00001495   Thumb Code   492  btod.o(.text)
    btod_internal_div                        0x00001681   Thumb Code   520  btod.o(.text)
    .text                                    0x000019d4   Section        0  exit.o(.text)
    .text                                    0x000019e4   Section        8  libspace.o(.text)
    .text                                    0x000019ec   Section        0  strcmp.o(.text)
    .text                                    0x00001a74   Section        0  sys_exit.o(.text)
    i.I2C_Init                               0x00001a80   Section        0  i2c.o(i.I2C_Init)
    i.I2C_Write                              0x00001ae4   Section        0  i2c.o(i.I2C_Write)
    i.LCD1602_Backlight                      0x00001b24   Section        0  lcd1602.o(i.LCD1602_Backlight)
    i.LCD1602_CheckAddress                   0x00001b38   Section        0  lcd1602.o(i.LCD1602_CheckAddress)
    i.LCD1602_Init                           0x00001b6c   Section        0  lcd1602.o(i.LCD1602_Init)
    i.LCD1602_Print                          0x00001bbc   Section        0  lcd1602.o(i.LCD1602_Print)
    i.LCD1602_SetCursor                      0x00001bd8   Section        0  lcd1602.o(i.LCD1602_SetCursor)
    i.LCD1602_Write4                         0x00001bfc   Section        0  lcd1602.o(i.LCD1602_Write4)
    i.LCD1602_Write8                         0x00001c4c   Section        0  lcd1602.o(i.LCD1602_Write8)
    i.PCF8574_Write                          0x00001c68   Section        0  lcd1602.o(i.PCF8574_Write)
    i.SystemInit                             0x00001c90   Section        0  system_mkl05z4.o(i.SystemInit)
    i.UART0_Init                             0x00001cec   Section        0  uart0.o(i.UART0_Init)
    i.__ARM_common_ll_muluu                  0x00001d6c   Section        0  btod.o(i.__ARM_common_ll_muluu)
    i.__ARM_fpclassify                       0x00001d9c   Section        0  fpclassify.o(i.__ARM_fpclassify)
    i._is_digit                              0x00001dc8   Section        0  __printf_wp.o(i._is_digit)
    i.i2c_clr_IICIF                          0x00001dd8   Section        0  i2c.o(i.i2c_clr_IICIF)
    i.i2c_disable                            0x00001dec   Section        0  i2c.o(i.i2c_disable)
    i.i2c_enable                             0x00001e00   Section        0  i2c.o(i.i2c_enable)
    i.i2c_m_start                            0x00001e14   Section        0  i2c.o(i.i2c_m_start)
    i.i2c_m_stop                             0x00001e28   Section        0  i2c.o(i.i2c_m_stop)
    i.i2c_send                               0x00001e3c   Section        0  i2c.o(i.i2c_send)
    i.i2c_tran                               0x00001e48   Section        0  i2c.o(i.i2c_tran)
    i.i2c_wait                               0x00001e5c   Section        0  i2c.o(i.i2c_wait)
    i.main                                   0x00001ed8   Section        0  main.o(i.main)
    i.uart_INIT                              0x00001f24   Section        0  uart_abs.o(i.uart_INIT)
    i.uart_send                              0x00001f40   Section        0  uart_abs.o(i.uart_send)
    locale$$code                             0x00001f74   Section       44  lc_numeric_c.o(locale$$code)
    locale$$code                             0x00001fa0   Section       44  lc_ctype_c.o(locale$$code)
    x$fpl$printf1                            0x00001fcc   Section       16  printf1.o(x$fpl$printf1)
    x$fpl$printf2                            0x00001fdc   Section       16  printf2.o(x$fpl$printf2)
    .constdata                               0x00001fec   Section        8  _printf_wctomb.o(.constdata)
    initial_mbstate                          0x00001fec   Data           8  _printf_wctomb.o(.constdata)
    .constdata                               0x00001ff4   Section       40  _printf_hex_int_ll_ptr.o(.constdata)
    uc_hextab                                0x00001ff4   Data          20  _printf_hex_int_ll_ptr.o(.constdata)
    lc_hextab                                0x00002008   Data          20  _printf_hex_int_ll_ptr.o(.constdata)
    .constdata                               0x0000201c   Section       17  __printf_flags_ss_wp.o(.constdata)
    maptable                                 0x0000201c   Data          17  __printf_flags_ss_wp.o(.constdata)
    .constdata                               0x0000202d   Section       38  _printf_fp_hex.o(.constdata)
    lc_hextab                                0x0000202d   Data          19  _printf_fp_hex.o(.constdata)
    uc_hextab                                0x00002040   Data          19  _printf_fp_hex.o(.constdata)
    .constdata                               0x00002054   Section      148  bigflt0.o(.constdata)
    tenpwrs_x                                0x00002054   Data          60  bigflt0.o(.constdata)
    tenpwrs_i                                0x00002090   Data          64  bigflt0.o(.constdata)
    locale$$data                             0x00002108   Section       28  lc_numeric_c.o(locale$$data)
    __lcnum_c_name                           0x0000210c   Data           2  lc_numeric_c.o(locale$$data)
    __lcnum_c_start                          0x00002114   Data           0  lc_numeric_c.o(locale$$data)
    __lcnum_c_point                          0x00002120   Data           0  lc_numeric_c.o(locale$$data)
    __lcnum_c_thousands                      0x00002122   Data           0  lc_numeric_c.o(locale$$data)
    __lcnum_c_grouping                       0x00002123   Data           0  lc_numeric_c.o(locale$$data)
    locale$$data                             0x00002124   Section      272  lc_ctype_c.o(locale$$data)
    __lcnum_c_end                            0x00002124   Data           0  lc_numeric_c.o(locale$$data)
    __lcctype_c_name                         0x00002128   Data           2  lc_ctype_c.o(locale$$data)
    __lcctype_c_start                        0x00002130   Data           0  lc_ctype_c.o(locale$$data)
    __lcctype_c_end                          0x00002234   Data           0  lc_ctype_c.o(locale$$data)
    .data                                    0x1ffffc00   Section        5  i2c.o(.data)
    error                                    0x1ffffc00   Data           1  i2c.o(.data)
    timeout                                  0x1ffffc02   Data           2  i2c.o(.data)
    .data                                    0x1ffffc05   Section       74  lcd1602.o(.data)
    lcd_backlight                            0x1ffffc05   Data           1  lcd1602.o(.data)
    pcf_address                              0x1ffffc06   Data           1  lcd1602.o(.data)
    .data                                    0x1ffffc4f   Section       35  main.o(.data)
    .bss                                     0x1ffffc74   Section       96  libspace.o(.bss)
    HEAP                                     0x1ffffcd8   Section        0  startup_mkl05z4.o(HEAP)
    STACK                                    0x1ffffcd8   Section      256  startup_mkl05z4.o(STACK)
    Heap_Mem                                 0x1ffffcd8   Data           0  startup_mkl05z4.o(HEAP)
    Stack_Mem                                0x1ffffcd8   Data         256  startup_mkl05z4.o(STACK)
    __initial_sp                             0x1ffffdd8   Data           0  startup_mkl05z4.o(STACK)

    Global Symbols

    Symbol Name                              Value     Ov Type        Size  Object(Section)

    BuildAttributes$$THM_ISAv3M$S$PE$A:L22$X:L11$S22$IEEE1$IW$USESV6$~STKCKD$USESV7$~SHL$OTIME$ROPI$IEEEJ$EBA8$UX$STANDARDLIB$REQ8$PRES8$EABIv2 0x00000000   Number         0  anon$$obj.o ABSOLUTE
    __ARM_use_no_argv                        0x00000000   Number         0  main.o ABSOLUTE
    __Vectors                                0x00000000   Data           4  startup_mkl05z4.o(RESET)
    _printf_flags                            0x00000000   Number         0  printf_stubs.o ABSOLUTE
    _printf_return_value                     0x00000000   Number         0  printf_stubs.o ABSOLUTE
    _printf_sizespec                         0x00000000   Number         0  printf_stubs.o ABSOLUTE
    _printf_widthprec                        0x00000000   Number         0  printf_stubs.o ABSOLUTE
    __ARM_exceptions_init                     - Undefined Weak Reference
    __alloca_initialize                       - Undefined Weak Reference
    __arm_preinit_                            - Undefined Weak Reference
    __cpp_initialize__aeabi_                  - Undefined Weak Reference
    __cxa_finalize                            - Undefined Weak Reference
    __sigvec_lookup                           - Undefined Weak Reference
    _atexit_init                              - Undefined Weak Reference
    _call_atexit_fns                          - Undefined Weak Reference
    _clock_init                               - Undefined Weak Reference
    _fp_trap_init                             - Undefined Weak Reference
    _fp_trap_shutdown                         - Undefined Weak Reference
    _get_lc_collate                           - Undefined Weak Reference
    _get_lc_monetary                          - Undefined Weak Reference
    _get_lc_time                              - Undefined Weak Reference
    _getenv_init                              - Undefined Weak Reference
    _handle_redirection                       - Undefined Weak Reference
    _init_alloc                               - Undefined Weak Reference
    _init_user_alloc                          - Undefined Weak Reference
    _initio                                   - Undefined Weak Reference
    _printf_mbtowc                            - Undefined Weak Reference
    _printf_wc                                - Undefined Weak Reference
    _rand_init                                - Undefined Weak Reference
    _signal_finish                            - Undefined Weak Reference
    _signal_init                              - Undefined Weak Reference
    _terminate_alloc                          - Undefined Weak Reference
    _terminate_user_alloc                     - Undefined Weak Reference
    _terminateio                              - Undefined Weak Reference
    __Vectors_End                            0x000000c0   Data           0  startup_mkl05z4.o(RESET)
    __Vectors_Size                           0x000000c0   Number         0  startup_mkl05z4.o ABSOLUTE
    __main                                   0x000000c1   Thumb Code     8  __main.o(!!!main)
    __scatterload                            0x000000c9   Thumb Code     0  __scatter.o(!!!scatter)
    __scatterload_rt2                        0x000000c9   Thumb Code    52  __scatter.o(!!!scatter)
    __scatterload_rt2_thumb_only             0x000000c9   Thumb Code     0  __scatter.o(!!!scatter)
    __scatterload_null                       0x000000d9   Thumb Code     0  __scatter.o(!!!scatter)
    __scatterload_copy                       0x00000105   Thumb Code    26  __scatter_copy.o(!!handler_copy)
    __scatterload_zeroinit                   0x00000121   Thumb Code    28  __scatter_zi.o(!!handler_zi)
    _printf_percent                          0x0000013d   Thumb Code     0  _printf_percent.o(.ARM.Collect$$_printf_percent$$00000000)
    _printf_n                                0x0000013f   Thumb Code     0  _printf_n.o(.ARM.Collect$$_printf_percent$$00000001)
    _printf_p                                0x00000149   Thumb Code     0  _printf_p.o(.ARM.Collect$$_printf_percent$$00000002)
    _printf_f                                0x00000153   Thumb Code     0  _printf_f.o(.ARM.Collect$$_printf_percent$$00000003)
    _printf_e                                0x0000015d   Thumb Code     0  _printf_e.o(.ARM.Collect$$_printf_percent$$00000004)
    _printf_g                                0x00000167   Thumb Code     0  _printf_g.o(.ARM.Collect$$_printf_percent$$00000005)
    _printf_a                                0x00000171   Thumb Code     0  _printf_a.o(.ARM.Collect$$_printf_percent$$00000006)
    _printf_ll                               0x0000017b   Thumb Code     0  _printf_ll.o(.ARM.Collect$$_printf_percent$$00000007)
    _printf_i                                0x00000185   Thumb Code     0  _printf_i.o(.ARM.Collect$$_printf_percent$$00000008)
    _printf_d                                0x0000018f   Thumb Code     0  _printf_d.o(.ARM.Collect$$_printf_percent$$00000009)
    _printf_u                                0x00000199   Thumb Code     0  _printf_u.o(.ARM.Collect$$_printf_percent$$0000000A)
    _printf_o                                0x000001a3   Thumb Code     0  _printf_o.o(.ARM.Collect$$_printf_percent$$0000000B)
    _printf_x                                0x000001ad   Thumb Code     0  _printf_x.o(.ARM.Collect$$_printf_percent$$0000000C)
    _printf_lli                              0x000001b7   Thumb Code     0  _printf_lli.o(.ARM.Collect$$_printf_percent$$0000000D)
    _printf_lld                              0x000001c1   Thumb Code     0  _printf_lld.o(.ARM.Collect$$_printf_percent$$0000000E)
    _printf_llu                              0x000001cb   Thumb Code     0  _printf_llu.o(.ARM.Collect$$_printf_percent$$0000000F)
    _printf_llo                              0x000001d5   Thumb Code     0  _printf_llo.o(.ARM.Collect$$_printf_percent$$00000010)
    _printf_llx                              0x000001df   Thumb Code     0  _printf_llx.o(.ARM.Collect$$_printf_percent$$00000011)
    _printf_l                                0x000001e9   Thumb Code     0  _printf_l.o(.ARM.Collect$$_printf_percent$$00000012)
    _printf_c                                0x000001f3   Thumb Code     0  _printf_c.o(.ARM.Collect$$_printf_percent$$00000013)
    _printf_s                                0x000001fd   Thumb Code     0  _printf_s.o(.ARM.Collect$$_printf_percent$$00000014)
    _printf_lc                               0x00000207   Thumb Code     0  _printf_lc.o(.ARM.Collect$$_printf_percent$$00000015)
    _printf_ls                               0x00000211   Thumb Code     0  _printf_ls.o(.ARM.Collect$$_printf_percent$$00000016)
    _printf_percent_end                      0x0000021b   Thumb Code     0  _printf_percent_end.o(.ARM.Collect$$_printf_percent$$00000017)
    __rt_lib_init                            0x0000021f   Thumb Code     0  libinit.o(.ARM.Collect$$libinit$$00000000)
    __rt_lib_init_fp_1                       0x00000221   Thumb Code     0  libinit2.o(.ARM.Collect$$libinit$$00000002)
    __rt_lib_init_heap_1                     0x00000221   Thumb Code     0  libinit2.o(.ARM.Collect$$libinit$$0000000A)
    __rt_lib_init_lc_common                  0x00000221   Thumb Code     0  libinit2.o(.ARM.Collect$$libinit$$0000000F)
    __rt_lib_init_preinit_1                  0x00000221   Thumb Code     0  libinit2.o(.ARM.Collect$$libinit$$00000004)
    __rt_lib_init_rand_1                     0x00000221   Thumb Code     0  libinit2.o(.ARM.Collect$$libinit$$0000000E)
    __rt_lib_init_user_alloc_1               0x00000221   Thumb Code     0  libinit2.o(.ARM.Collect$$libinit$$0000000C)
    __rt_lib_init_lc_collate_1               0x00000227   Thumb Code     0  libinit2.o(.ARM.Collect$$libinit$$00000011)
    __rt_lib_init_lc_ctype_2                 0x00000227   Thumb Code     0  libinit2.o(.ARM.Collect$$libinit$$00000012)
    __rt_lib_init_lc_ctype_1                 0x00000233   Thumb Code     0  libinit2.o(.ARM.Collect$$libinit$$00000013)
    __rt_lib_init_lc_monetary_1              0x00000233   Thumb Code     0  libinit2.o(.ARM.Collect$$libinit$$00000015)
    __rt_lib_init_lc_numeric_2               0x00000233   Thumb Code     0  libinit2.o(.ARM.Collect$$libinit$$00000016)
    __rt_lib_init_alloca_1                   0x0000023d   Thumb Code     0  libinit2.o(.ARM.Collect$$libinit$$0000002E)
    __rt_lib_init_argv_1                     0x0000023d   Thumb Code     0  libinit2.o(.ARM.Collect$$libinit$$0000002C)
    __rt_lib_init_atexit_1                   0x0000023d   Thumb Code     0  libinit2.o(.ARM.Collect$$libinit$$0000001B)
    __rt_lib_init_clock_1                    0x0000023d   Thumb Code     0  libinit2.o(.ARM.Collect$$libinit$$00000021)
    __rt_lib_init_cpp_1                      0x0000023d   Thumb Code     0  libinit2.o(.ARM.Collect$$libinit$$00000032)
    __rt_lib_init_exceptions_1               0x0000023d   Thumb Code     0  libinit2.o(.ARM.Collect$$libinit$$00000030)
    __rt_lib_init_fp_trap_1                  0x0000023d   Thumb Code     0  libinit2.o(.ARM.Collect$$libinit$$0000001F)
    __rt_lib_init_getenv_1                   0x0000023d   Thumb Code     0  libinit2.o(.ARM.Collect$$libinit$$00000023)
    __rt_lib_init_lc_numeric_1               0x0000023d   Thumb Code     0  libinit2.o(.ARM.Collect$$libinit$$00000017)
    __rt_lib_init_lc_time_1                  0x0000023d   Thumb Code     0  libinit2.o(.ARM.Collect$$libinit$$00000019)
    __rt_lib_init_return                     0x0000023d   Thumb Code     0  libinit2.o(.ARM.Collect$$libinit$$00000033)
    __rt_lib_init_signal_1                   0x0000023d   Thumb Code     0  libinit2.o(.ARM.Collect$$libinit$$0000001D)
    __rt_lib_init_stdio_1                    0x0000023d   Thumb Code     0  libinit2.o(.ARM.Collect$$libinit$$00000025)
    __rt_lib_shutdown                        0x0000023f   Thumb Code     0  libshutdown.o(.ARM.Collect$$libshutdown$$00000000)
    __rt_lib_shutdown_cpp_1                  0x00000241   Thumb Code     0  libshutdown2.o(.ARM.Collect$$libshutdown$$00000002)
    __rt_lib_shutdown_fp_trap_1              0x00000241   Thumb Code     0  libshutdown2.o(.ARM.Collect$$libshutdown$$00000007)
    __rt_lib_shutdown_heap_1                 0x00000241   Thumb Code     0  libshutdown2.o(.ARM.Collect$$libshutdown$$0000000F)
    __rt_lib_shutdown_return                 0x00000241   Thumb Code     0  libshutdown2.o(.ARM.Collect$$libshutdown$$00000010)
    __rt_lib_shutdown_signal_1               0x00000241   Thumb Code     0  libshutdown2.o(.ARM.Collect$$libshutdown$$0000000A)
    __rt_lib_shutdown_stdio_1                0x00000241   Thumb Code     0  libshutdown2.o(.ARM.Collect$$libshutdown$$00000004)
    __rt_lib_shutdown_user_alloc_1           0x00000241   Thumb Code     0  libshutdown2.o(.ARM.Collect$$libshutdown$$0000000C)
    __rt_entry                               0x00000243   Thumb Code     0  __rtentry.o(.ARM.Collect$$rtentry$$00000000)
    __rt_entry_presh_1                       0x00000243   Thumb Code     0  __rtentry2.o(.ARM.Collect$$rtentry$$00000002)
    __rt_entry_sh                            0x00000243   Thumb Code     0  __rtentry4.o(.ARM.Collect$$rtentry$$00000004)
    __rt_entry_li                            0x00000249   Thumb Code     0  __rtentry2.o(.ARM.Collect$$rtentry$$0000000A)
    __rt_entry_postsh_1                      0x00000249   Thumb Code     0  __rtentry2.o(.ARM.Collect$$rtentry$$00000009)
    __rt_entry_main                          0x0000024d   Thumb Code     0  __rtentry2.o(.ARM.Collect$$rtentry$$0000000D)
    __rt_entry_postli_1                      0x0000024d   Thumb Code     0  __rtentry2.o(.ARM.Collect$$rtentry$$0000000C)
    __rt_exit                                0x00000255   Thumb Code     0  rtexit.o(.ARM.Collect$$rtexit$$00000000)
    __rt_exit_ls                             0x00000257   Thumb Code     0  rtexit2.o(.ARM.Collect$$rtexit$$00000003)
    __rt_exit_prels_1                        0x00000257   Thumb Code     0  rtexit2.o(.ARM.Collect$$rtexit$$00000002)
    __rt_exit_exit                           0x0000025b   Thumb Code     0  rtexit2.o(.ARM.Collect$$rtexit$$00000004)
    __aeabi_memcpy4                          0x00000261   Thumb Code    56  rt_memcpy.o(.emb_text)
    __aeabi_memcpy8                          0x00000261   Thumb Code     0  rt_memcpy.o(.emb_text)
    Reset_Handler                            0x00000299   Thumb Code     8  startup_mkl05z4.o(.text)
    NMI_Handler                              0x000002a1   Thumb Code     2  startup_mkl05z4.o(.text)
    HardFault_Handler                        0x000002a3   Thumb Code     2  startup_mkl05z4.o(.text)
    SVC_Handler                              0x000002a5   Thumb Code     2  startup_mkl05z4.o(.text)
    PendSV_Handler                           0x000002a7   Thumb Code     2  startup_mkl05z4.o(.text)
    SysTick_Handler                          0x000002a9   Thumb Code     2  startup_mkl05z4.o(.text)
    ADC0_IRQHandler                          0x000002ab   Thumb Code     0  startup_mkl05z4.o(.text)
    CMP0_IRQHandler                          0x000002ab   Thumb Code     0  startup_mkl05z4.o(.text)
    DAC0_IRQHandler                          0x000002ab   Thumb Code     0  startup_mkl05z4.o(.text)
    DMA0_IRQHandler                          0x000002ab   Thumb Code     0  startup_mkl05z4.o(.text)
    DMA1_IRQHandler                          0x000002ab   Thumb Code     0  startup_mkl05z4.o(.text)
    DMA2_IRQHandler                          0x000002ab   Thumb Code     0  startup_mkl05z4.o(.text)
    DMA3_IRQHandler                          0x000002ab   Thumb Code     0  startup_mkl05z4.o(.text)
    DefaultISR                               0x000002ab   Thumb Code     0  startup_mkl05z4.o(.text)
    FTFA_IRQHandler                          0x000002ab   Thumb Code     0  startup_mkl05z4.o(.text)
    I2C0_IRQHandler                          0x000002ab   Thumb Code     0  startup_mkl05z4.o(.text)
    LLW_IRQHandler                           0x000002ab   Thumb Code     0  startup_mkl05z4.o(.text)
    LPTimer_IRQHandler                       0x000002ab   Thumb Code     0  startup_mkl05z4.o(.text)
    LVD_LVW_IRQHandler                       0x000002ab   Thumb Code     0  startup_mkl05z4.o(.text)
    MCG_IRQHandler                           0x000002ab   Thumb Code     0  startup_mkl05z4.o(.text)
    PIT_IRQHandler                           0x000002ab   Thumb Code     0  startup_mkl05z4.o(.text)
    PORTA_IRQHandler                         0x000002ab   Thumb Code     0  startup_mkl05z4.o(.text)
    PORTB_IRQHandler                         0x000002ab   Thumb Code     0  startup_mkl05z4.o(.text)
    RTC_IRQHandler                           0x000002ab   Thumb Code     0  startup_mkl05z4.o(.text)
    RTC_Seconds_IRQHandler                   0x000002ab   Thumb Code     0  startup_mkl05z4.o(.text)
    Reserved20_IRQHandler                    0x000002ab   Thumb Code     0  startup_mkl05z4.o(.text)
    Reserved25_IRQHandler                    0x000002ab   Thumb Code     0  startup_mkl05z4.o(.text)
    Reserved27_IRQHandler                    0x000002ab   Thumb Code     0  startup_mkl05z4.o(.text)
    Reserved29_IRQHandler                    0x000002ab   Thumb Code     0  startup_mkl05z4.o(.text)
    Reserved30_IRQHandler                    0x000002ab   Thumb Code     0  startup_mkl05z4.o(.text)
    Reserved35_IRQHandler                    0x000002ab   Thumb Code     0  startup_mkl05z4.o(.text)
    Reserved39_IRQHandler                    0x000002ab   Thumb Code     0  startup_mkl05z4.o(.text)
    Reserved40_IRQHandler                    0x000002ab   Thumb Code     0  startup_mkl05z4.o(.text)
    Reserved45_IRQHandler                    0x000002ab   Thumb Code     0  startup_mkl05z4.o(.text)
    SPI0_IRQHandler                          0x000002ab   Thumb Code     0  startup_mkl05z4.o(.text)
    TPM0_IRQHandler                          0x000002ab   Thumb Code     0  startup_mkl05z4.o(.text)
    TPM1_IRQHandler                          0x000002ab   Thumb Code     0  startup_mkl05z4.o(.text)
    TSI0_IRQHandler                          0x000002ab   Thumb Code     0  startup_mkl05z4.o(.text)
    UART0_IRQHandler                         0x000002ab   Thumb Code     0  startup_mkl05z4.o(.text)
    __user_initial_stackheap                 0x000002ad   Thumb Code     0  startup_mkl05z4.o(.text)
    sprintf                                  0x000002cd   Thumb Code    40  sprintf.o(.text)
    __use_two_region_memory                  0x000002f9   Thumb Code     2  heapauxi.o(.text)
    __rt_heap_escrow$2region                 0x000002fb   Thumb Code     2  heapauxi.o(.text)
    __rt_heap_expand$2region                 0x000002fd   Thumb Code     2  heapauxi.o(.text)
    _printf_pre_padding                      0x000002ff   Thumb Code    44  _printf_pad.o(.text)
    _printf_post_padding                     0x0000032b   Thumb Code    34  _printf_pad.o(.text)
    _printf_truncate_signed                  0x0000034d   Thumb Code    18  _printf_truncate.o(.text)
    _printf_truncate_unsigned                0x0000035f   Thumb Code    18  _printf_truncate.o(.text)
    _printf_str                              0x00000371   Thumb Code    82  _printf_str.o(.text)
    _printf_charcount                        0x000003c3   Thumb Code    38  _printf_charcount.o(.text)
    _sputc                                   0x000003e9   Thumb Code    10  _sputc.o(.text)
    __rt_locale                              0x000003f5   Thumb Code     8  rt_locale_intlibspace.o(.text)
    __I$use$semihosting                      0x000003fd   Thumb Code     0  use_no_semi.o(.text)
    __use_no_semihosting_swi                 0x000003fd   Thumb Code     2  use_no_semi.o(.text)
    __I$use$fp                               0x000003fe   Number         0  usenofp.o(x$fpl$usenofp)
    __semihosting_library_function           0x000003ff   Thumb Code     0  indicate_semi.o(.text)
    __aeabi_uidiv                            0x00000411   Thumb Code     0  aeabi_sdiv.o(.text)
    __aeabi_uidivmod                         0x00000411   Thumb Code    20  aeabi_sdiv.o(.text)
    __aeabi_idiv                             0x00000425   Thumb Code     0  aeabi_sdiv.o(.text)
    __aeabi_idivmod                          0x00000425   Thumb Code   326  aeabi_sdiv.o(.text)
    _printf_int_dec                          0x0000056d   Thumb Code    90  _printf_dec.o(.text)
    _printf_char_common                      0x000005e3   Thumb Code    32  _printf_char_common.o(.text)
    _printf_wctomb                           0x00000609   Thumb Code   182  _printf_wctomb.o(.text)
    _printf_longlong_dec                     0x000006c5   Thumb Code    94  _printf_longlong_dec.o(.text)
    _printf_longlong_oct                     0x00000735   Thumb Code    68  _printf_oct_int_ll.o(.text)
    _printf_int_oct                          0x00000779   Thumb Code    24  _printf_oct_int_ll.o(.text)
    _printf_ll_oct                           0x00000791   Thumb Code    10  _printf_oct_int_ll.o(.text)
    _printf_longlong_hex                     0x000007a5   Thumb Code    88  _printf_hex_int_ll_ptr.o(.text)
    _printf_int_hex                          0x000007fd   Thumb Code    28  _printf_hex_int_ll_ptr.o(.text)
    _printf_ll_hex                           0x00000819   Thumb Code    10  _printf_hex_int_ll_ptr.o(.text)
    _printf_hex_ptr                          0x00000823   Thumb Code    22  _printf_hex_int_ll_ptr.o(.text)
    __printf                                 0x0000083d   Thumb Code   386  __printf_flags_ss_wp.o(.text)
    _ll_udiv10                               0x000009c5   Thumb Code   122  lludiv10.o(.text)
    _printf_int_common                       0x00000a3f   Thumb Code   176  _printf_intcommon.o(.text)
    __lib_sel_fp_printf                      0x00000af1   Thumb Code     2  _printf_fp_dec.o(.text)
    _printf_fp_dec_real                      0x00000c8f   Thumb Code   620  _printf_fp_dec.o(.text)
    _printf_fp_hex_real                      0x00000f09   Thumb Code   718  _printf_fp_hex.o(.text)
    _printf_cs_common                        0x000011e1   Thumb Code    22  _printf_char.o(.text)
    _printf_char                             0x000011f7   Thumb Code    16  _printf_char.o(.text)
    _printf_string                           0x00001207   Thumb Code     8  _printf_char.o(.text)
    _printf_lcs_common                       0x0000120f   Thumb Code    22  _printf_wchar.o(.text)
    _printf_wchar                            0x00001225   Thumb Code    16  _printf_wchar.o(.text)
    _printf_wstring                          0x00001235   Thumb Code     8  _printf_wchar.o(.text)
    _wcrtomb                                 0x0000123d   Thumb Code    64  _wcrtomb.o(.text)
    __rt_udiv10                              0x0000127d   Thumb Code    40  rtudiv10.o(.text)
    __user_setup_stackheap                   0x000012a5   Thumb Code    62  sys_stackheap_outer.o(.text)
    __rt_ctype_table                         0x000012e5   Thumb Code    16  rt_ctype_table.o(.text)
    _printf_fp_infnan                        0x000012f5   Thumb Code   120  _printf_fp_infnan.o(.text)
    _btod_etento                             0x0000137d   Thumb Code   210  bigflt0.o(.text)
    _btod_d2e                                0x00001455   Thumb Code    64  btod.o(.text)
    _btod_emul                               0x00001889   Thumb Code    28  btod.o(.text)
    _btod_emuld                              0x000018a5   Thumb Code   144  btod.o(.text)
    _btod_ediv                               0x00001935   Thumb Code    26  btod.o(.text)
    _btod_edivd                              0x0000194f   Thumb Code   124  btod.o(.text)
    exit                                     0x000019d5   Thumb Code    16  exit.o(.text)
    __user_libspace                          0x000019e5   Thumb Code     8  libspace.o(.text)
    __user_perproc_libspace                  0x000019e5   Thumb Code     0  libspace.o(.text)
    __user_perthread_libspace                0x000019e5   Thumb Code     0  libspace.o(.text)
    strcmp                                   0x000019ed   Thumb Code   132  strcmp.o(.text)
    _sys_exit                                0x00001a75   Thumb Code     8  sys_exit.o(.text)
    I2C_Init                                 0x00001a81   Thumb Code    86  i2c.o(i.I2C_Init)
    I2C_Write                                0x00001ae5   Thumb Code    60  i2c.o(i.I2C_Write)
    LCD1602_Backlight                        0x00001b25   Thumb Code    16  lcd1602.o(i.LCD1602_Backlight)
    LCD1602_CheckAddress                     0x00001b39   Thumb Code    48  lcd1602.o(i.LCD1602_CheckAddress)
    LCD1602_Init                             0x00001b6d   Thumb Code    74  lcd1602.o(i.LCD1602_Init)
    LCD1602_Print                            0x00001bbd   Thumb Code    28  lcd1602.o(i.LCD1602_Print)
    LCD1602_SetCursor                        0x00001bd9   Thumb Code    36  lcd1602.o(i.LCD1602_SetCursor)
    LCD1602_Write4                           0x00001bfd   Thumb Code    74  lcd1602.o(i.LCD1602_Write4)
    LCD1602_Write8                           0x00001c4d   Thumb Code    28  lcd1602.o(i.LCD1602_Write8)
    PCF8574_Write                            0x00001c69   Thumb Code    32  lcd1602.o(i.PCF8574_Write)
    SystemInit                               0x00001c91   Thumb Code    78  system_mkl05z4.o(i.SystemInit)
    UART0_Init                               0x00001ced   Thumb Code   116  uart0.o(i.UART0_Init)
    __ARM_common_ll_muluu                    0x00001d6d   Thumb Code    48  btod.o(i.__ARM_common_ll_muluu)
    __ARM_fpclassify                         0x00001d9d   Thumb Code    40  fpclassify.o(i.__ARM_fpclassify)
    _is_digit                                0x00001dc9   Thumb Code    14  __printf_wp.o(i._is_digit)
    i2c_clr_IICIF                            0x00001dd9   Thumb Code    14  i2c.o(i.i2c_clr_IICIF)
    i2c_disable                              0x00001ded   Thumb Code    14  i2c.o(i.i2c_disable)
    i2c_enable                               0x00001e01   Thumb Code    14  i2c.o(i.i2c_enable)
    i2c_m_start                              0x00001e15   Thumb Code    14  i2c.o(i.i2c_m_start)
    i2c_m_stop                               0x00001e29   Thumb Code    14  i2c.o(i.i2c_m_stop)
    i2c_send                                 0x00001e3d   Thumb Code     6  i2c.o(i.i2c_send)
    i2c_tran                                 0x00001e49   Thumb Code    14  i2c.o(i.i2c_tran)
    i2c_wait                                 0x00001e5d   Thumb Code   106  i2c.o(i.i2c_wait)
    main                                     0x00001ed9   Thumb Code    52  main.o(i.main)
    uart_INIT                                0x00001f25   Thumb Code    14  uart_abs.o(i.uart_INIT)
    uart_send                                0x00001f41   Thumb Code    46  uart_abs.o(i.uart_send)
    _get_lc_numeric                          0x00001f75   Thumb Code    44  lc_numeric_c.o(locale$$code)
    _get_lc_ctype                            0x00001fa1   Thumb Code    44  lc_ctype_c.o(locale$$code)
    _printf_fp_dec                           0x00001fcd   Thumb Code    16  printf1.o(x$fpl$printf1)
    _printf_fp_hex                           0x00001fdd   Thumb Code    16  printf2.o(x$fpl$printf2)
    Region$$Table$$Base                      0x000020e8   Number         0  anon$$obj.o(Region$$Table)
    Region$$Table$$Limit                     0x00002108   Number         0  anon$$obj.o(Region$$Table)
    __ctype                                  0x00002131   Data           0  lc_ctype_c.o(locale$$data)
    dummy                                    0x1ffffc04   Data           1  i2c.o(.data)
    PL_CH_a_                                 0x1ffffc07   Data           8  lcd1602.o(.data)
    PL_CH_c_                                 0x1ffffc0f   Data           8  lcd1602.o(.data)
    PL_CH_e_                                 0x1ffffc17   Data           8  lcd1602.o(.data)
    PL_CH_l_                                 0x1ffffc1f   Data           8  lcd1602.o(.data)
    PL_CH_n_                                 0x1ffffc27   Data           8  lcd1602.o(.data)
    PL_CH_o_                                 0x1ffffc2f   Data           8  lcd1602.o(.data)
    PL_CH_s_                                 0x1ffffc37   Data           8  lcd1602.o(.data)
    PL_CH_z_                                 0x1ffffc3f   Data           8  lcd1602.o(.data)
    PL_CH_z__                                0x1ffffc47   Data           8  lcd1602.o(.data)
    rx_buf                                   0x1ffffc4f   Data          17  main.o(.data)
    temp                                     0x1ffffc60   Data           1  main.o(.data)
    buff                                     0x1ffffc61   Data          16  main.o(.data)
    rx_FULL                                  0x1ffffc71   Data           1  main.o(.data)
    __libspace_start                         0x1ffffc74   Data          96  libspace.o(.bss)
    __temporary_stack_top$libspace           0x1ffffcd4   Data           0  libspace.o(.bss)



==============================================================================

Memory Map of the image

  Image Entry point : 0x000000c1

  Load Region LR_IROM1 (Base: 0x00000000, Size: 0x000022a8, Max: 0x00008000, ABSOLUTE)

    Execution Region ER_IROM1 (Exec base: 0x00000000, Load base: 0x00000000, Size: 0x00002234, Max: 0x00008000, ABSOLUTE)

    Exec Addr    Load Addr    Size         Type   Attr      Idx    E Section Name        Object

    0x00000000   0x00000000   0x000000c0   Data   RO          378    RESET               startup_mkl05z4.o
    0x000000c0   0x000000c0   0x00000008   Code   RO          434  * !!!main             c_p.l(__main.o)
    0x000000c8   0x000000c8   0x0000003c   Code   RO          751    !!!scatter          c_p.l(__scatter.o)
    0x00000104   0x00000104   0x0000001a   Code   RO          753    !!handler_copy      c_p.l(__scatter_copy.o)
    0x0000011e   0x0000011e   0x00000002   PAD
    0x00000120   0x00000120   0x0000001c   Code   RO          755    !!handler_zi        c_p.l(__scatter_zi.o)
    0x0000013c   0x0000013c   0x00000002   Code   RO          522    .ARM.Collect$$_printf_percent$$00000000  c_p.l(_printf_percent.o)
    0x0000013e   0x0000013e   0x0000000a   Code   RO          511    .ARM.Collect$$_printf_percent$$00000001  c_p.l(_printf_n.o)
    0x00000148   0x00000148   0x0000000a   Code   RO          513    .ARM.Collect$$_printf_percent$$00000002  c_p.l(_printf_p.o)
    0x00000152   0x00000152   0x0000000a   Code   RO          518    .ARM.Collect$$_printf_percent$$00000003  c_p.l(_printf_f.o)
    0x0000015c   0x0000015c   0x0000000a   Code   RO          519    .ARM.Collect$$_printf_percent$$00000004  c_p.l(_printf_e.o)
    0x00000166   0x00000166   0x0000000a   Code   RO          520    .ARM.Collect$$_printf_percent$$00000005  c_p.l(_printf_g.o)
    0x00000170   0x00000170   0x0000000a   Code   RO          521    .ARM.Collect$$_printf_percent$$00000006  c_p.l(_printf_a.o)
    0x0000017a   0x0000017a   0x0000000a   Code   RO          526    .ARM.Collect$$_printf_percent$$00000007  c_p.l(_printf_ll.o)
    0x00000184   0x00000184   0x0000000a   Code   RO          515    .ARM.Collect$$_printf_percent$$00000008  c_p.l(_printf_i.o)
    0x0000018e   0x0000018e   0x0000000a   Code   RO          516    .ARM.Collect$$_printf_percent$$00000009  c_p.l(_printf_d.o)
    0x00000198   0x00000198   0x0000000a   Code   RO          517    .ARM.Collect$$_printf_percent$$0000000A  c_p.l(_printf_u.o)
    0x000001a2   0x000001a2   0x0000000a   Code   RO          514    .ARM.Collect$$_printf_percent$$0000000B  c_p.l(_printf_o.o)
    0x000001ac   0x000001ac   0x0000000a   Code   RO          512    .ARM.Collect$$_printf_percent$$0000000C  c_p.l(_printf_x.o)
    0x000001b6   0x000001b6   0x0000000a   Code   RO          523    .ARM.Collect$$_printf_percent$$0000000D  c_p.l(_printf_lli.o)
    0x000001c0   0x000001c0   0x0000000a   Code   RO          524    .ARM.Collect$$_printf_percent$$0000000E  c_p.l(_printf_lld.o)
    0x000001ca   0x000001ca   0x0000000a   Code   RO          525    .ARM.Collect$$_printf_percent$$0000000F  c_p.l(_printf_llu.o)
    0x000001d4   0x000001d4   0x0000000a   Code   RO          530    .ARM.Collect$$_printf_percent$$00000010  c_p.l(_printf_llo.o)
    0x000001de   0x000001de   0x0000000a   Code   RO          531    .ARM.Collect$$_printf_percent$$00000011  c_p.l(_printf_llx.o)
    0x000001e8   0x000001e8   0x0000000a   Code   RO          527    .ARM.Collect$$_printf_percent$$00000012  c_p.l(_printf_l.o)
    0x000001f2   0x000001f2   0x0000000a   Code   RO          509    .ARM.Collect$$_printf_percent$$00000013  c_p.l(_printf_c.o)
    0x000001fc   0x000001fc   0x0000000a   Code   RO          510    .ARM.Collect$$_printf_percent$$00000014  c_p.l(_printf_s.o)
    0x00000206   0x00000206   0x0000000a   Code   RO          528    .ARM.Collect$$_printf_percent$$00000015  c_p.l(_printf_lc.o)
    0x00000210   0x00000210   0x0000000a   Code   RO          529    .ARM.Collect$$_printf_percent$$00000016  c_p.l(_printf_ls.o)
    0x0000021a   0x0000021a   0x00000004   Code   RO          572    .ARM.Collect$$_printf_percent$$00000017  c_p.l(_printf_percent_end.o)
    0x0000021e   0x0000021e   0x00000002   Code   RO          610    .ARM.Collect$$libinit$$00000000  c_p.l(libinit.o)
    0x00000220   0x00000220   0x00000000   Code   RO          634    .ARM.Collect$$libinit$$00000002  c_p.l(libinit2.o)
    0x00000220   0x00000220   0x00000000   Code   RO          636    .ARM.Collect$$libinit$$00000004  c_p.l(libinit2.o)
    0x00000220   0x00000220   0x00000000   Code   RO          639    .ARM.Collect$$libinit$$0000000A  c_p.l(libinit2.o)
    0x00000220   0x00000220   0x00000000   Code   RO          641    .ARM.Collect$$libinit$$0000000C  c_p.l(libinit2.o)
    0x00000220   0x00000220   0x00000000   Code   RO          643    .ARM.Collect$$libinit$$0000000E  c_p.l(libinit2.o)
    0x00000220   0x00000220   0x00000006   Code   RO          644    .ARM.Collect$$libinit$$0000000F  c_p.l(libinit2.o)
    0x00000226   0x00000226   0x00000000   Code   RO          646    .ARM.Collect$$libinit$$00000011  c_p.l(libinit2.o)
    0x00000226   0x00000226   0x0000000c   Code   RO          647    .ARM.Collect$$libinit$$00000012  c_p.l(libinit2.o)
    0x00000232   0x00000232   0x00000000   Code   RO          648    .ARM.Collect$$libinit$$00000013  c_p.l(libinit2.o)
    0x00000232   0x00000232   0x00000000   Code   RO          650    .ARM.Collect$$libinit$$00000015  c_p.l(libinit2.o)
    0x00000232   0x00000232   0x0000000a   Code   RO          651    .ARM.Collect$$libinit$$00000016  c_p.l(libinit2.o)
    0x0000023c   0x0000023c   0x00000000   Code   RO          652    .ARM.Collect$$libinit$$00000017  c_p.l(libinit2.o)
    0x0000023c   0x0000023c   0x00000000   Code   RO          654    .ARM.Collect$$libinit$$00000019  c_p.l(libinit2.o)
    0x0000023c   0x0000023c   0x00000000   Code   RO          656    .ARM.Collect$$libinit$$0000001B  c_p.l(libinit2.o)
    0x0000023c   0x0000023c   0x00000000   Code   RO          658    .ARM.Collect$$libinit$$0000001D  c_p.l(libinit2.o)
    0x0000023c   0x0000023c   0x00000000   Code   RO          660    .ARM.Collect$$libinit$$0000001F  c_p.l(libinit2.o)
    0x0000023c   0x0000023c   0x00000000   Code   RO          662    .ARM.Collect$$libinit$$00000021  c_p.l(libinit2.o)
    0x0000023c   0x0000023c   0x00000000   Code   RO          664    .ARM.Collect$$libinit$$00000023  c_p.l(libinit2.o)
    0x0000023c   0x0000023c   0x00000000   Code   RO          666    .ARM.Collect$$libinit$$00000025  c_p.l(libinit2.o)
    0x0000023c   0x0000023c   0x00000000   Code   RO          670    .ARM.Collect$$libinit$$0000002C  c_p.l(libinit2.o)
    0x0000023c   0x0000023c   0x00000000   Code   RO          672    .ARM.Collect$$libinit$$0000002E  c_p.l(libinit2.o)
    0x0000023c   0x0000023c   0x00000000   Code   RO          674    .ARM.Collect$$libinit$$00000030  c_p.l(libinit2.o)
    0x0000023c   0x0000023c   0x00000000   Code   RO          676    .ARM.Collect$$libinit$$00000032  c_p.l(libinit2.o)
    0x0000023c   0x0000023c   0x00000002   Code   RO          677    .ARM.Collect$$libinit$$00000033  c_p.l(libinit2.o)
    0x0000023e   0x0000023e   0x00000002   Code   RO          708    .ARM.Collect$$libshutdown$$00000000  c_p.l(libshutdown.o)
    0x00000240   0x00000240   0x00000000   Code   RO          734    .ARM.Collect$$libshutdown$$00000002  c_p.l(libshutdown2.o)
    0x00000240   0x00000240   0x00000000   Code   RO          736    .ARM.Collect$$libshutdown$$00000004  c_p.l(libshutdown2.o)
    0x00000240   0x00000240   0x00000000   Code   RO          739    .ARM.Collect$$libshutdown$$00000007  c_p.l(libshutdown2.o)
    0x00000240   0x00000240   0x00000000   Code   RO          742    .ARM.Collect$$libshutdown$$0000000A  c_p.l(libshutdown2.o)
    0x00000240   0x00000240   0x00000000   Code   RO          744    .ARM.Collect$$libshutdown$$0000000C  c_p.l(libshutdown2.o)
    0x00000240   0x00000240   0x00000000   Code   RO          747    .ARM.Collect$$libshutdown$$0000000F  c_p.l(libshutdown2.o)
    0x00000240   0x00000240   0x00000002   Code   RO          748    .ARM.Collect$$libshutdown$$00000010  c_p.l(libshutdown2.o)
    0x00000242   0x00000242   0x00000000   Code   RO          436    .ARM.Collect$$rtentry$$00000000  c_p.l(__rtentry.o)
    0x00000242   0x00000242   0x00000000   Code   RO          541    .ARM.Collect$$rtentry$$00000002  c_p.l(__rtentry2.o)
    0x00000242   0x00000242   0x00000006   Code   RO          553    .ARM.Collect$$rtentry$$00000004  c_p.l(__rtentry4.o)
    0x00000248   0x00000248   0x00000000   Code   RO          543    .ARM.Collect$$rtentry$$00000009  c_p.l(__rtentry2.o)
    0x00000248   0x00000248   0x00000004   Code   RO          544    .ARM.Collect$$rtentry$$0000000A  c_p.l(__rtentry2.o)
    0x0000024c   0x0000024c   0x00000000   Code   RO          546    .ARM.Collect$$rtentry$$0000000C  c_p.l(__rtentry2.o)
    0x0000024c   0x0000024c   0x00000008   Code   RO          547    .ARM.Collect$$rtentry$$0000000D  c_p.l(__rtentry2.o)
    0x00000254   0x00000254   0x00000002   Code   RO          620    .ARM.Collect$$rtexit$$00000000  c_p.l(rtexit.o)
    0x00000256   0x00000256   0x00000000   Code   RO          681    .ARM.Collect$$rtexit$$00000002  c_p.l(rtexit2.o)
    0x00000256   0x00000256   0x00000004   Code   RO          682    .ARM.Collect$$rtexit$$00000003  c_p.l(rtexit2.o)
    0x0000025a   0x0000025a   0x00000006   Code   RO          683    .ARM.Collect$$rtexit$$00000004  c_p.l(rtexit2.o)
    0x00000260   0x00000260   0x00000038   Code   RO          424    .emb_text           c_p.l(rt_memcpy.o)
    0x00000298   0x00000298   0x00000034   Code   RO          380    .text               startup_mkl05z4.o
    0x000002cc   0x000002cc   0x0000002c   Code   RO          422    .text               c_p.l(sprintf.o)
    0x000002f8   0x000002f8   0x00000006   Code   RO          432    .text               c_p.l(heapauxi.o)
    0x000002fe   0x000002fe   0x0000004e   Code   RO          443    .text               c_p.l(_printf_pad.o)
    0x0000034c   0x0000034c   0x00000024   Code   RO          445    .text               c_p.l(_printf_truncate.o)
    0x00000370   0x00000370   0x00000052   Code   RO          447    .text               c_p.l(_printf_str.o)
    0x000003c2   0x000003c2   0x00000026   Code   RO          451    .text               c_p.l(_printf_charcount.o)
    0x000003e8   0x000003e8   0x0000000a   Code   RO          455    .text               c_p.l(_sputc.o)
    0x000003f2   0x000003f2   0x00000002   PAD
    0x000003f4   0x000003f4   0x00000008   Code   RO          585    .text               c_p.l(rt_locale_intlibspace.o)
    0x000003fc   0x000003fc   0x00000002   Code   RO          697    .text               c_p.l(use_no_semi.o)
    0x000003fe   0x000003fe   0x00000000   Code   RO          699    .text               c_p.l(indicate_semi.o)
    0x000003fe   0x000003fe   0x00000000   Code   RO          613    x$fpl$usenofp       fz_ps.l(usenofp.o)
    0x000003fe   0x000003fe   0x00000002   PAD
    0x00000400   0x00000400   0x00000010   Code   RO          379    .ARM.__at_0x400     startup_mkl05z4.o
    0x00000410   0x00000410   0x0000015a   Code   RO          428    .text               c_p.l(aeabi_sdiv.o)
    0x0000056a   0x0000056a   0x00000002   PAD
    0x0000056c   0x0000056c   0x0000006c   Code   RO          449    .text               c_p.l(_printf_dec.o)
    0x000005d8   0x000005d8   0x00000030   Code   RO          453    .text               c_p.l(_printf_char_common.o)
    0x00000608   0x00000608   0x000000bc   Code   RO          457    .text               c_p.l(_printf_wctomb.o)
    0x000006c4   0x000006c4   0x00000070   Code   RO          460    .text               c_p.l(_printf_longlong_dec.o)
    0x00000734   0x00000734   0x00000070   Code   RO          466    .text               c_p.l(_printf_oct_int_ll.o)
    0x000007a4   0x000007a4   0x00000098   Code   RO          486    .text               c_p.l(_printf_hex_int_ll_ptr.o)
    0x0000083c   0x0000083c   0x00000188   Code   RO          506    .text               c_p.l(__printf_flags_ss_wp.o)
    0x000009c4   0x000009c4   0x0000007a   Code   RO          557    .text               c_p.l(lludiv10.o)
    0x00000a3e   0x00000a3e   0x000000b0   Code   RO          559    .text               c_p.l(_printf_intcommon.o)
    0x00000aee   0x00000aee   0x00000002   PAD
    0x00000af0   0x00000af0   0x00000418   Code   RO          561    .text               c_p.l(_printf_fp_dec.o)
    0x00000f08   0x00000f08   0x000002d8   Code   RO          563    .text               c_p.l(_printf_fp_hex.o)
    0x000011e0   0x000011e0   0x0000002e   Code   RO          568    .text               c_p.l(_printf_char.o)
    0x0000120e   0x0000120e   0x0000002e   Code   RO          570    .text               c_p.l(_printf_wchar.o)
    0x0000123c   0x0000123c   0x00000040   Code   RO          573    .text               c_p.l(_wcrtomb.o)
    0x0000127c   0x0000127c   0x00000028   Code   RO          575    .text               c_p.l(rtudiv10.o)
    0x000012a4   0x000012a4   0x0000003e   Code   RO          577    .text               c_p.l(sys_stackheap_outer.o)
    0x000012e2   0x000012e2   0x00000002   PAD
    0x000012e4   0x000012e4   0x00000010   Code   RO          580    .text               c_p.l(rt_ctype_table.o)
    0x000012f4   0x000012f4   0x00000088   Code   RO          587    .text               c_p.l(_printf_fp_infnan.o)
    0x0000137c   0x0000137c   0x000000d8   Code   RO          589    .text               c_p.l(bigflt0.o)
    0x00001454   0x00001454   0x00000580   Code   RO          592    .text               c_p.l(btod.o)
    0x000019d4   0x000019d4   0x00000010   Code   RO          599    .text               c_p.l(exit.o)
    0x000019e4   0x000019e4   0x00000008   Code   RO          616    .text               c_p.l(libspace.o)
    0x000019ec   0x000019ec   0x00000088   Code   RO          631    .text               c_p.l(strcmp.o)
    0x00001a74   0x00001a74   0x0000000c   Code   RO          678    .text               c_p.l(sys_exit.o)
    0x00001a80   0x00001a80   0x00000064   Code   RO            3    i.I2C_Init          i2c.o
    0x00001ae4   0x00001ae4   0x00000040   Code   RO            8    i.I2C_Write         i2c.o
    0x00001b24   0x00001b24   0x00000014   Code   RO          172    i.LCD1602_Backlight  lcd1602.o
    0x00001b38   0x00001b38   0x00000034   Code   RO          176    i.LCD1602_CheckAddress  lcd1602.o
    0x00001b6c   0x00001b6c   0x00000050   Code   RO          178    i.LCD1602_Init      lcd1602.o
    0x00001bbc   0x00001bbc   0x0000001c   Code   RO          180    i.LCD1602_Print     lcd1602.o
    0x00001bd8   0x00001bd8   0x00000024   Code   RO          183    i.LCD1602_SetCursor  lcd1602.o
    0x00001bfc   0x00001bfc   0x00000050   Code   RO          184    i.LCD1602_Write4    lcd1602.o
    0x00001c4c   0x00001c4c   0x0000001c   Code   RO          185    i.LCD1602_Write8    lcd1602.o
    0x00001c68   0x00001c68   0x00000028   Code   RO          186    i.PCF8574_Write     lcd1602.o
    0x00001c90   0x00001c90   0x0000005c   Code   RO          389    i.SystemInit        system_mkl05z4.o
    0x00001cec   0x00001cec   0x00000080   Code   RO          329    i.UART0_Init        uart0.o
    0x00001d6c   0x00001d6c   0x00000030   Code   RO          594    i.__ARM_common_ll_muluu  c_p.l(btod.o)
    0x00001d9c   0x00001d9c   0x0000002c   Code   RO          614    i.__ARM_fpclassify  m_ps.l(fpclassify.o)
    0x00001dc8   0x00001dc8   0x0000000e   Code   RO          499    i._is_digit         c_p.l(__printf_wp.o)
    0x00001dd6   0x00001dd6   0x00000002   PAD
    0x00001dd8   0x00001dd8   0x00000014   Code   RO           11    i.i2c_clr_IICIF     i2c.o
    0x00001dec   0x00001dec   0x00000014   Code   RO           12    i.i2c_disable       i2c.o
    0x00001e00   0x00001e00   0x00000014   Code   RO           13    i.i2c_enable        i2c.o
    0x00001e14   0x00001e14   0x00000014   Code   RO           15    i.i2c_m_start       i2c.o
    0x00001e28   0x00001e28   0x00000014   Code   RO           16    i.i2c_m_stop        i2c.o
    0x00001e3c   0x00001e3c   0x0000000c   Code   RO           20    i.i2c_send          i2c.o
    0x00001e48   0x00001e48   0x00000014   Code   RO           21    i.i2c_tran          i2c.o
    0x00001e5c   0x00001e5c   0x0000007c   Code   RO           22    i.i2c_wait          i2c.o
    0x00001ed8   0x00001ed8   0x0000004c   Code   RO          293    i.main              main.o
    0x00001f24   0x00001f24   0x0000001c   Code   RO          352    i.uart_INIT         uart_abs.o
    0x00001f40   0x00001f40   0x00000034   Code   RO          353    i.uart_send         uart_abs.o
    0x00001f74   0x00001f74   0x0000002c   Code   RO          597    locale$$code        c_p.l(lc_numeric_c.o)
    0x00001fa0   0x00001fa0   0x0000002c   Code   RO          625    locale$$code        c_p.l(lc_ctype_c.o)
    0x00001fcc   0x00001fcc   0x00000010   Code   RO          532    x$fpl$printf1       fz_ps.l(printf1.o)
    0x00001fdc   0x00001fdc   0x00000010   Code   RO          534    x$fpl$printf2       fz_ps.l(printf2.o)
    0x00001fec   0x00001fec   0x00000008   Data   RO          458    .constdata          c_p.l(_printf_wctomb.o)
    0x00001ff4   0x00001ff4   0x00000028   Data   RO          487    .constdata          c_p.l(_printf_hex_int_ll_ptr.o)
    0x0000201c   0x0000201c   0x00000011   Data   RO          507    .constdata          c_p.l(__printf_flags_ss_wp.o)
    0x0000202d   0x0000202d   0x00000026   Data   RO          564    .constdata          c_p.l(_printf_fp_hex.o)
    0x00002053   0x00002053   0x00000001   PAD
    0x00002054   0x00002054   0x00000094   Data   RO          590    .constdata          c_p.l(bigflt0.o)
    0x000020e8   0x000020e8   0x00000020   Data   RO          749    Region$$Table       anon$$obj.o
    0x00002108   0x00002108   0x0000001c   Data   RO          596    locale$$data        c_p.l(lc_numeric_c.o)
    0x00002124   0x00002124   0x00000110   Data   RO          624    locale$$data        c_p.l(lc_ctype_c.o)


    Execution Region RW_IRAM1 (Exec base: 0x1ffffc00, Load base: 0x00002234, Size: 0x000001d8, Max: 0x00001000, ABSOLUTE)

    Exec Addr    Load Addr    Size         Type   Attr      Idx    E Section Name        Object

    0x1ffffc00   0x00002234   0x00000005   Data   RW           23    .data               i2c.o
    0x1ffffc05   0x00002239   0x0000004a   Data   RW          188    .data               lcd1602.o
    0x1ffffc4f   0x00002283   0x00000023   Data   RW          294    .data               main.o
    0x1ffffc72   0x000022a6   0x00000002   PAD
    0x1ffffc74        -       0x00000060   Zero   RW          617    .bss                c_p.l(libspace.o)
    0x1ffffcd4   0x000022a6   0x00000004   PAD
    0x1ffffcd8        -       0x00000000   Zero   RW          377    HEAP                startup_mkl05z4.o
    0x1ffffcd8        -       0x00000100   Zero   RW          376    STACK               startup_mkl05z4.o


==============================================================================

Image component sizes


      Code (inc. data)   RO Data    RW Data    ZI Data      Debug   Object Name

       420         78          0          5          0       9426   i2c.o
       364         28          0         74          0       5392   lcd1602.o
        76         24          0         35          0       1466   main.o
        68         38        192          0        256        912   startup_mkl05z4.o
        92         14          0          0          0        501   system_mkl05z4.o
       128         12          0          0          0        433   uart0.o
        80         20          0          0          0        952   uart_abs.o

    ----------------------------------------------------------------------
      1228        214        224        116        256      19082   Object Totals
         0          0         32          0          0          0   (incl. Generated)
         0          0          0          2          0          0   (incl. Padding)

    ----------------------------------------------------------------------

      Code (inc. data)   RO Data    RW Data    ZI Data      Debug   Library Member Name

         8          0          0          0          0         68   __main.o
       392          6         17          0          0         76   __printf_flags_ss_wp.o
        14          0          0          0          0         60   __printf_wp.o
         0          0          0          0          0          0   __rtentry.o
        12          0          0          0          0          0   __rtentry2.o
         6          0          0          0          0          0   __rtentry4.o
        60          8          0          0          0          0   __scatter.o
        26          0          0          0          0          0   __scatter_copy.o
        28          0          0          0          0          0   __scatter_zi.o
        10          0          0          0          0          0   _printf_a.o
        10          0          0          0          0          0   _printf_c.o
        46          0          0          0          0        100   _printf_char.o
        48          6          0          0          0         88   _printf_char_common.o
        38          0          0          0          0         60   _printf_charcount.o
        10          0          0          0          0          0   _printf_d.o
       108         18          0          0          0         76   _printf_dec.o
        10          0          0          0          0          0   _printf_e.o
        10          0          0          0          0          0   _printf_f.o
      1048         14          0          0          0        176   _printf_fp_dec.o
       728         10         38          0          0         84   _printf_fp_hex.o
       136         16          0          0          0         76   _printf_fp_infnan.o
        10          0          0          0          0          0   _printf_g.o
       152          4         40          0          0        148   _printf_hex_int_ll_ptr.o
        10          0          0          0          0          0   _printf_i.o
       176          0          0          0          0         84   _printf_intcommon.o
        10          0          0          0          0          0   _printf_l.o
        10          0          0          0          0          0   _printf_lc.o
        10          0          0          0          0          0   _printf_ll.o
        10          0          0          0          0          0   _printf_lld.o
        10          0          0          0          0          0   _printf_lli.o
        10          0          0          0          0          0   _printf_llo.o
        10          0          0          0          0          0   _printf_llu.o
        10          0          0          0          0          0   _printf_llx.o
       112         18          0          0          0         76   _printf_longlong_dec.o
        10          0          0          0          0          0   _printf_ls.o
        10          0          0          0          0          0   _printf_n.o
        10          0          0          0          0          0   _printf_o.o
       112         10          0          0          0        112   _printf_oct_int_ll.o
        10          0          0          0          0          0   _printf_p.o
        78          0          0          0          0        100   _printf_pad.o
         2          0          0          0          0          0   _printf_percent.o
         4          0          0          0          0          0   _printf_percent_end.o
        10          0          0          0          0          0   _printf_s.o
        82          0          0          0          0         72   _printf_str.o
        36          0          0          0          0         76   _printf_truncate.o
        10          0          0          0          0          0   _printf_u.o
        46          0          0          0          0        100   _printf_wchar.o
       188          6          8          0          0         80   _printf_wctomb.o
        10          0          0          0          0          0   _printf_x.o
        10          0          0          0          0         60   _sputc.o
        64          0          0          0          0         72   _wcrtomb.o
       346          0          0          0          0         92   aeabi_sdiv.o
       216          6        148          0          0         80   bigflt0.o
      1456         30          0          0          0        336   btod.o
        16          0          0          0          0         68   exit.o
         6          0          0          0          0        136   heapauxi.o
         0          0          0          0          0          0   indicate_semi.o
        44         10        272          0          0         76   lc_ctype_c.o
        44         10         28          0          0         76   lc_numeric_c.o
         2          0          0          0          0          0   libinit.o
        30          0          0          0          0          0   libinit2.o
         2          0          0          0          0          0   libshutdown.o
         2          0          0          0          0          0   libshutdown2.o
         8          4          0          0         96         68   libspace.o
       122          0          0          0          0         72   lludiv10.o
        16          4          0          0          0         76   rt_ctype_table.o
         8          4          0          0          0         68   rt_locale_intlibspace.o
        56          0          0          0          0         68   rt_memcpy.o
         2          0          0          0          0          0   rtexit.o
        10          0          0          0          0          0   rtexit2.o
        40          0          0          0          0         60   rtudiv10.o
        44          4          0          0          0         84   sprintf.o
       136          4          0          0          0         72   strcmp.o
        12          4          0          0          0         60   sys_exit.o
        62          0          0          0          0         80   sys_stackheap_outer.o
         2          0          0          0          0         68   use_no_semi.o
        16          4          0          0          0         76   printf1.o
        16          4          0          0          0         76   printf2.o
         0          0          0          0          0          0   usenofp.o
        44          4          0          0          0         60   fpclassify.o

    ----------------------------------------------------------------------
      6752        208        552          0        100       3696   Library Totals
        14          0          1          0          4          0   (incl. Padding)

    ----------------------------------------------------------------------

      Code (inc. data)   RO Data    RW Data    ZI Data      Debug   Library Name

      6662        196        551          0         96       3484   c_p.l
        32          8          0          0          0        152   fz_ps.l
        44          4          0          0          0         60   m_ps.l

    ----------------------------------------------------------------------
      6752        208        552          0        100       3696   Library Totals

    ----------------------------------------------------------------------

==============================================================================


      Code (inc. data)   RO Data    RW Data    ZI Data      Debug   

      7980        422        776        116        356      20026   Grand Totals
      7980        422        776        116        356      20026   ELF Image Totals
      7980        422        776        116          0          0   ROM Totals

==============================================================================

    Total RO  Size (Code + RO Data)                 8756 (   8.55kB)
    Total RW  Size (RW Data + ZI Data)               472 (   0.46kB)
    Total ROM Size (Code + RO Data + RW Data)       8872 (   8.66kB)

==============================================================================

